******************************************************************************
                  TI ARM Linker PC v16.9.6                     
******************************************************************************
>> Linked Thu Oct 27 14:09:05 2022

OUTPUT FILE NAME:   <Lab5_UARTComms.out>
ENTRY POINT SYMBOL: "_c_int00"  address: 00003a61


MEMORY CONFIGURATION

         name            origin    length      used     unused   attr    fill
----------------------  --------  ---------  --------  --------  ----  --------
  MAIN                  00000000   00040000  00003e74  0003c18c  R  X
  INFO                  00200000   00004000  00000000  00004000  R  X
  SRAM_CODE             01000000   00010000  00003d57  0000c2a9  RW X
  SRAM_DATA             20000000   00010000  00003d57  0000c2a9  RW  


SEGMENT ALLOCATION MAP

run origin  load origin   length   init length attrs members
----------  ----------- ---------- ----------- ----- -------
00000000    00000000    00003e78   00003e78    r-x
  00000000    00000000    000000e4   000000e4    r-- .intvecs
  000000e4    000000e4    00003cc8   00003cc8    r-x .text
  00003dac    00003dac    00000020   00000020    r-- .const
  00003dd0    00003dd0    000000a8   000000a8    r-- .cinit
20000000    20000000    00003b58   00000000    rw-
  20000000    20000000    00003527   00000000    rw- .bss
  20003528    20003528    00000400   00000000    rw- .sysmem
  20003928    20003928    00000230   00000000    rw- .data
2000fe00    2000fe00    00000200   00000000    rw-
  2000fe00    2000fe00    00000200   00000000    rw- .stack


SECTION ALLOCATION MAP

 output                                  attributes/
section   page    origin      length       input sections
--------  ----  ----------  ----------   ----------------
.intvecs   0    00000000    000000e4     
                  00000000    000000e4     startup_msp432p401r_ccs.obj (.intvecs:retain)

.binit     0    00000000    00000000     

.text      0    000000e4    00003cc8     
                  000000e4    0000087c     Lab5_UARTmain.obj (.text)
                  00000960    000006bc     UART0.obj (.text)
                  0000101c    000005ba     EUSCIA0.obj (.text)
                  000015d6    00000002     rtsv7M4_T_le_v4SPD16_eabi.lib : mpu_init.obj (.text)
                  000015d8    000003d0                                   : memory.obj (.text)
                  000019a8    0000032c     system_msp432p401r.obj (.text)
                  00001cd4    00000248     LPF.obj (.text)
                  00001f1c    00000210     FIFO0.obj (.text)
                  0000212c    000001e0     Clock.obj (.text)
                  0000230c    000001c8     Reflectance.obj (.text)
                  000024d4    000001c4     rtsv7M4_T_le_v4SPD16_eabi.lib : fopen.obj (.text)
                  00002698    000001b6                                   : fd_add_t2.obj (.text)
                  0000284e    00000002                                   : startup.obj (.text)
                  00002850    000001b0     Motor.obj (.text)
                  00002a00    00000164     ADC14.obj (.text)
                  00002b64    00000136     rtsv7M4_T_le_v4SPD16_eabi.lib : fd_div_t2.obj (.text)
                  00002c9a    00000002     --HOLE-- [fill = 0]
                  00002c9c    00000104     TA3InputCapture.obj (.text)
                  00002da0    000000f4     LaunchPad.obj (.text)
                  00002e94    000000ec     PWM.obj (.text)
                  00002f80    000000dc     rtsv7M4_T_le_v4SPD16_eabi.lib : setvbuf.obj (.text)
                  0000305c    000000c8                                   : fflush.obj (.text)
                  00003124    000000c4     Bump.obj (.text)
                  000031e8    000000c0     IRDistance.obj (.text)
                  000032a8    000000bc     rtsv7M4_T_le_v4SPD16_eabi.lib : open.obj (.text)
                  00003364    000000b8                                   : add_device.obj (.text)
                  0000341c    000000a8     TimerA1.obj (.text)
                  000034c4    0000009c     rtsv7M4_T_le_v4SPD16_eabi.lib : memcpy_t2.obj (.text)
                  00003560    00000098                                   : fclose.obj (.text)
                  000035f8    0000007a                                   : memset_t2.obj (.text)
                  00003672    00000002     --HOLE-- [fill = 0]
                  00003674    00000070                                   : autoinit.obj (.text)
                  000036e4    00000070                                   : getdevice.obj (.text)
                  00003754    00000068                                   : copy_decompress_lzss.obj (.text:decompress:lzss)
                  000037bc    00000068                                   : hostlseek.obj (.text)
                  00003824    00000068                                   : hostrename.obj (.text)
                  0000388c    00000068                                   : trgmsg.obj (.text)
                  000038f4    00000060                                   : hostopen.obj (.text)
                  00003954    0000005c                                   : close.obj (.text)
                  000039b0    00000058                                   : hostread.obj (.text)
                  00003a08    00000058                                   : hostwrite.obj (.text)
                  00003a60    00000054                                   : boot.obj (.text)
                  00003ab4    00000054                                   : exit.obj (.text)
                  00003b08    0000004c                                   : cpy_tbl.obj (.text)
                  00003b54    00000044                                   : fd_tou_t2.obj (.text)
                  00003b98    00000044                                   : hostclose.obj (.text)
                  00003bdc    00000044                                   : hostunlink.obj (.text)
                  00003c20    00000036                                   : strncpy.obj (.text)
                  00003c56    0000002e                                   : i_tofd_t2.obj (.text)
                  00003c84    0000002c                                   : unlink.obj (.text)
                  00003cb0    00000028                                   : write.obj (.text)
                  00003cd8    00000024     CortexM.obj (.text)
                  00003cfc    00000018     rtsv7M4_T_le_v4SPD16_eabi.lib : args_main.obj (.text)
                  00003d14    00000018                                   : strcmp.obj (.text)
                  00003d2c    00000016                                   : strchr.obj (.text)
                  00003d42    00000002     --HOLE-- [fill = 0]
                  00003d44    00000014                                   : _lock.obj (.text)
                  00003d58    00000014                                   : strcpy.obj (.text)
                  00003d6c    00000014                                   : strlen.obj (.text)
                  00003d80    0000000e                                   : copy_decompress_none.obj (.text:decompress:none)
                  00003d8e    0000000e     startup_msp432p401r_ccs.obj (.text)
                  00003d9c    0000000c     rtsv7M4_T_le_v4SPD16_eabi.lib : copy_zero_init.obj (.text:decompress:ZI)
                  00003da8    00000004                                   : pre_init.obj (.text)

.const     0    00003dac    00000020     
                  00003dac    00000020     Reflectance.obj (.const:$P$T0$1)

.cinit     0    00003dd0    000000a8     
                  00003dd0    00000081     (.cinit..data.load) [load image, compression = lzss]
                  00003e51    00000003     --HOLE-- [fill = 0]
                  00003e54    0000000c     (__TI_handler_table)
                  00003e60    00000008     (.cinit..bss.load) [load image, compression = zero_init]
                  00003e68    00000010     (__TI_cinit_table)

.init_array 
*          0    00000000    00000000     UNINITIALIZED

.bss       0    20000000    00003527     UNINITIALIZED
                  20000000    00001000     (.common:x)
                  20001000    00001000     (.common:x2)
                  20002000    00001000     (.common:x3)
                  20003000    00000200     (.common:TxHistogram)
                  20003200    00000120     rtsv7M4_T_le_v4SPD16_eabi.lib : trgmsg.obj (.bss:_CIOBUF_)
                  20003320    000000a0     (.common:__TI_tmpnams)
                  200033c0    00000082     (.common:RxFifo0)
                  20003442    00000082     (.common:TxFifo0)
                  200034c4    00000008     (.common:Messageb)
                  200034cc    00000008     (.common:Messagec)
                  200034d4    00000008     (.common:parmbuf)
                  200034dc    00000004     (.common:ADCflag)
                  200034e0    00000004     (.common:I1)
                  200034e4    00000004     (.common:I2)
                  200034e8    00000004     (.common:I3)
                  200034ec    00000004     (.common:LPFSum)
                  200034f0    00000004     (.common:LPFSum2)
                  200034f4    00000004     (.common:LPFSum3)
                  200034f8    00000004     (.common:Messageindexb)
                  200034fc    00000004     (.common:Messageindexc)
                  20003500    00000004     (.common:Position)
                  20003504    00000004     (.common:Size)
                  20003508    00000004     (.common:Size2)
                  2000350c    00000004     (.common:Size3)
                  20003510    00000004     (.common:TimerA1Task)
                  20003514    00000004     (.common:nc)
                  20003518    00000004     (.common:nl)
                  2000351c    00000004     (.common:nr)
                  20003520    00000002     (.common:Period0)
                  20003522    00000002     (.common:Period2)
                  20003524    00000001     (.common:Data)
                  20003525    00000001     (.common:bump_data)
                  20003526    00000001     (.common:counter)

.sysmem    0    20003528    00000400     UNINITIALIZED
                  20003528    00000008     rtsv7M4_T_le_v4SPD16_eabi.lib : memory.obj (.sysmem)
                  20003530    000003f8     --HOLE--

.data      0    20003928    00000230     UNINITIALIZED
                  20003928    000000f0     rtsv7M4_T_le_v4SPD16_eabi.lib : defs.obj (.data:_ftable)
                  20003a18    00000078                                   : write.obj (.data:_device)
                  20003a90    00000050                                   : write.obj (.data:_stream)
                  20003ae0    00000018     Clock.obj (.data)
                  20003af8    00000014     Lab5_UARTmain.obj (.data)
                  20003b0c    00000010     rtsv7M4_T_le_v4SPD16_eabi.lib : defs.obj (.data)
                  20003b1c    0000000c                                   : exit.obj (.data:$O1$$)
                  20003b28    0000000c                                   : memory.obj (.data:$O1$$)
                  20003b34    00000008                                   : _lock.obj (.data:$O1$$)
                  20003b3c    00000008     TA3InputCapture.obj (.data)
                  20003b44    00000004     rtsv7M4_T_le_v4SPD16_eabi.lib : add_device.obj (.data)
                  20003b48    00000004                                   : fopen.obj (.data)
                  20003b4c    00000004                                   : open.obj (.data)
                  20003b50    00000004                                   : stkdepth_vars.obj (.data)
                  20003b54    00000004     system_msp432p401r.obj (.data)

.stack     0    2000fe00    00000200     UNINITIALIZED
                  2000fe00    00000200     --HOLE--

MODULE SUMMARY

       Module                        code    ro data   rw data
       ------                        ----    -------   -------
    .\
       LPF.obj                       584     0         24648  
       Lab5_UARTmain.obj             2172    0         94     
       FIFO0.obj                     528     0         1544   
       UART0.obj                     1724    0         24     
       EUSCIA0.obj                   1466    0         24     
       system_msp432p401r.obj        812     0         8      
       Clock.obj                     480     0         48     
       Reflectance.obj               456     32        0      
       Motor.obj                     432     0         0      
       ADC14.obj                     356     0         0      
       TA3InputCapture.obj           260     0         16     
       LaunchPad.obj                 244     0         0      
       startup_msp432p401r_ccs.obj   14      228       0      
       PWM.obj                       236     0         0      
       Bump.obj                      196     0         0      
       IRDistance.obj                192     0         0      
       TimerA1.obj                   168     0         8      
       CortexM.obj                   36      0         0      
    +--+-----------------------------+-------+---------+---------+
       Total:                        10356   260       26414  
                                                              
    C:\ti\ccsv7\tools\compiler\ti-cgt-arm_16.9.6.LTS\lib\rtsv7M4_T_le_v4SPD16_eabi.lib
       memory.obj                    976     0         24     
       defs.obj                      0       0         832    
       trgmsg.obj                    104     0         576    
       fopen.obj                     452     0         8      
       write.obj                     40      0         400    
       fd_add_t2.obj                 438     0         0      
       fd_div_t2.obj                 310     0         0      
       setvbuf.obj                   220     0         0      
       fflush.obj                    200     0         0      
       open.obj                      188     0         8      
       add_device.obj                184     0         8      
       memcpy_t2.obj                 156     0         0      
       fclose.obj                    152     0         0      
       memset_t2.obj                 122     0         0      
       autoinit.obj                  112     0         0      
       getdevice.obj                 112     0         0      
       hostopen.obj                  96      0         16     
       exit.obj                      84      0         24     
       copy_decompress_lzss.obj      104     0         0      
       hostlseek.obj                 104     0         0      
       hostrename.obj                104     0         0      
       close.obj                     92      0         0      
       hostread.obj                  88      0         0      
       hostwrite.obj                 88      0         0      
       boot.obj                      84      0         0      
       cpy_tbl.obj                   76      0         0      
       fd_tou_t2.obj                 68      0         0      
       hostclose.obj                 68      0         0      
       hostunlink.obj                68      0         0      
       strncpy.obj                   54      0         0      
       i_tofd_t2.obj                 46      0         0      
       unlink.obj                    44      0         0      
       _lock.obj                     20      0         16     
       args_main.obj                 24      0         0      
       strcmp.obj                    24      0         0      
       strchr.obj                    22      0         0      
       strcpy.obj                    20      0         0      
       strlen.obj                    20      0         0      
       copy_decompress_none.obj      14      0         0      
       copy_zero_init.obj            12      0         0      
       stkdepth_vars.obj             0       0         8      
       pre_init.obj                  4       0         0      
       mpu_init.obj                  2       0         0      
       startup.obj                   2       0         0      
    +--+-----------------------------+-------+---------+---------+
       Total:                        5198    0         1920   
                                                              
       Heap:                         0       0         2048   
       Stack:                        0       0         1024   
       Linker Generated:             0       165       0      
    +--+-----------------------------+-------+---------+---------+
       Grand Total:                  15554   425       31406  


LINKER GENERATED COPY TABLES

__TI_cinit_table @ 00003e68 records: 2, size/record: 8, table size: 16
	.data: load addr=00003dd0, load size=00000081 bytes, run addr=20003928, run size=00000230 bytes, compression=lzss
	.bss: load addr=00003e60, load size=00000008 bytes, run addr=20000000, run size=00003527 bytes, compression=zero_init


LINKER GENERATED HANDLER TABLE

__TI_handler_table @ 00003e54 records: 3, size/record: 4, table size: 12
	index: 0, handler: __TI_decompress_lzss
	index: 1, handler: __TI_decompress_none
	index: 2, handler: __TI_zero_init


GLOBAL SYMBOLS: SORTED ALPHABETICALLY BY Name 

address   name                           
-------   ----                           
00002a01  ADC0_InitSWTriggerCh12         
00002a71  ADC0_InitSWTriggerCh17_12_16   
00003d9b  ADC14_IRQHandler               
00002a51  ADC_In12                       
00002ae1  ADC_In17_12_16                 
200034dc  ADCflag                        
00003d9b  AES256_IRQHandler              
00003125  Bump_Init                      
0000318d  Bump_Read                      
00003d9b  BusFault_Handler               
00003ab5  C$$EXIT                        
000038bb  C$$IO$$                        
00003d9b  COMP_E0_IRQHandler             
00003d9b  COMP_E1_IRQHandler             
20003ae8  CPMwait                        
00003d9b  CS_IRQHandler                  
20003b3c  CaptureTask0                   
20003b40  CaptureTask2                   
00003219  CenterConvert                  
20003ae0  ClockFrequency                 
00002281  Clock_Delay1ms                 
00002257  Clock_Delay1us                 
00002243  Clock_GetFreq                  
0000212d  Clock_Init48MHz                
20003af4  Crystalstable                  
00003d9b  DMA_ERR_IRQHandler             
00003d9b  DMA_INT0_IRQHandler            
00003d9b  DMA_INT1_IRQHandler            
00003d9b  DMA_INT2_IRQHandler            
00003d9b  DMA_INT3_IRQHandler            
20003524  Data                           
00003d9b  DebugMon_Handler               
00003d9b  Default_Handler                
00003cd9  DisableInterrupts              
20003b00  Done0                          
20003b08  Done2                          
000010af  EUSCIA0_IRQHandler             
000010af  EUSCIA0_IRQHandler             
00001083  EUSCIA0_InChar                 
0000154d  EUSCIA0_InString               
00001103  EUSCIA0_InUDec                 
00001401  EUSCIA0_InUHex                 
0000101d  EUSCIA0_Init                   
00001095  EUSCIA0_OutChar                
000010e5  EUSCIA0_OutString              
00001187  EUSCIA0_OutUDec                
00001319  EUSCIA0_OutUDec4               
00001351  EUSCIA0_OutUDec5               
0000138d  EUSCIA0_OutUFix1               
000013b5  EUSCIA0_OutUFix2               
000014c9  EUSCIA0_OutUHex                
0000152f  EUSCIA0_OutUHex2               
0000150d  EUSCIA0outnibble               
00003d9b  EUSCIA1_IRQHandler             
00003d9b  EUSCIA2_IRQHandler             
00003d9b  EUSCIA3_IRQHandler             
00003d9b  EUSCIB0_IRQHandler             
00003d9b  EUSCIB1_IRQHandler             
00003d9b  EUSCIB2_IRQHandler             
00003d9b  EUSCIB3_IRQHandler             
00003cdf  EnableInterrupts               
00003cef  EndCritical                    
00003d9b  FLCTL_IRQHandler               
00003d9b  FPU_IRQHandler                 
20003afc  First0                         
20003b04  First2                         
00003b99  HOSTclose                      
000037bd  HOSTlseek                      
000038f5  HOSTopen                       
000039b1  HOSTread                       
00003825  HOSTrename                     
00003bdd  HOSTunlink                     
00003a09  HOSTwrite                      
00003d9b  HardFault_Handler              
200034e0  I1                             
200034e4  I2                             
200034e8  I3                             
20003af0  IFlags                         
200034ec  LPFSum                         
200034f0  LPFSum2                        
200034f4  LPFSum3                        
00001d33  LPF_Calc                       
00001de5  LPF_Calc2                      
00001e97  LPF_Calc3                      
00001cd5  LPF_Init                       
00001d87  LPF_Init2                      
00001e39  LPF_Init3                      
00002da1  LaunchPad_Init                 
00002e11  LaunchPad_Input                
00002e2b  LaunchPad_LED                  
00002e49  LaunchPad_Output               
000031e9  LeftConvert                    
00003d9b  MemManage_Handler              
200034c4  Messageb                       
200034cc  Messagec                       
200034f8  Messageindexb                  
200034fc  Messageindexc                  
000029a1  Motor_Backward                 
000028fd  Motor_Forward                  
00002851  Motor_Init                     
00002967  Motor_Left                     
0000292d  Motor_Right                    
000028d9  Motor_Stop                     
00003d9b  NMI_Handler                    
00003d9b  PCM_IRQHandler                 
00003d9b  PORT1_IRQHandler               
00003d9b  PORT2_IRQHandler               
00003d9b  PORT3_IRQHandler               
000001c1  PORT4_IRQHandler               
000001c1  PORT4_IRQHandler               
00003d9b  PORT5_IRQHandler               
00003d9b  PORT6_IRQHandler               
00003d9b  PSS_IRQHandler                 
00002f19  PWM_Duty3                      
00002f39  PWM_Duty4                      
00002e95  PWM_Init34                     
00003d9b  PendSV_Handler                 
20003520  Period0                        
20003522  Period2                        
00000165  PeriodMeasure0                 
00000193  PeriodMeasure2                 
0000231d  Port5_Init                     
00002351  Port7_Init                     
00002373  Port7_InitToInput              
00002365  Port7_Output_ChargeCap         
00002337  Port9_Init                     
20003500  Position                       
20003aec  Postwait                       
20003ae4  Prewait                        
000000e5  RSLK_Reset                     
00003d9b  RTC_C_IRQHandler               
000023c1  Reflectance_Center             
0000247b  Reflectance_End                
0000230d  Reflectance_Init               
000023e1  Reflectance_Position           
0000237b  Reflectance_Read               
00002455  Reflectance_Start              
00003d8f  Reset_Handler                  
00003249  RightConvert                   
200033c0  RxFifo0                        
00002097  RxFifo0_Get                    
0000203d  RxFifo0_Init                   
00002049  RxFifo0_Put                    
000020d5  RxFifo0_Size                   
UNDEFED   SHT$$INIT_ARRAY$$Base          
UNDEFED   SHT$$INIT_ARRAY$$Limit         
00003d9b  SVC_Handler                    
00000115  SensorRead_ISR                 
20003504  Size                           
20003508  Size2                          
2000350c  Size3                          
00003ce5  StartCritical                  
00003d9b  SysTick_Handler                
20003b54  SystemCoreClock                
000019a9  SystemCoreClockUpdate          
00001c1d  SystemInit                     
00003d9b  T32_INT1_IRQHandler            
00003d9b  T32_INT2_IRQHandler            
00003d9b  T32_INTC_IRQHandler            
00003d9b  TA0_0_IRQHandler               
00003d9b  TA0_N_IRQHandler               
0000348f  TA1_0_IRQHandler               
0000348f  TA1_0_IRQHandler               
00003d9b  TA1_N_IRQHandler               
00003d9b  TA2_0_IRQHandler               
00003d9b  TA2_N_IRQHandler               
00002d2f  TA3_0_IRQHandler               
00002d2f  TA3_0_IRQHandler               
00002d49  TA3_N_IRQHandler               
00002d49  TA3_N_IRQHandler               
000000f5  TimedPause                     
20003510  TimerA1Task                    
0000341d  TimerA1_Init                   
0000347b  TimerA1_Stop                   
00002ca9  TimerA3Capture_Init            
20003442  TxFifo0                        
00001fa9  TxFifo0_Get                    
00001f1d  TxFifo0_Init                   
00001f4f  TxFifo0_Put                    
00001fe7  TxFifo0_Size                   
20003000  TxHistogram                    
000009a7  UART0_InChar                   
00000e31  UART0_InString                 
000009f1  UART0_InUDec                   
00000ce5  UART0_InUHex                   
00000961  UART0_Init                     
00000f91  UART0_Initprintf               
000009b7  UART0_OutChar                  
000009d3  UART0_OutString                
00000a75  UART0_OutUDec                  
00000be1  UART0_OutUDec4                 
00000c35  UART0_OutUDec5                 
00000c71  UART0_OutUFix1                 
00000c99  UART0_OutUFix2                 
00000da9  UART0_OutUHex                  
00000e15  UART0_OutUHex2                 
00003d9b  UsageFault_Handler             
4000480c  WDTCTL_SYM                     
00003d9b  WDT_A_IRQHandler               
00003cf7  WaitForInterrupt               
20003200  __CIOBUF_                      
20010000  __STACK_END                    
00000200  __STACK_SIZE                   
00000400  __SYSMEM_SIZE                  
00003e68  __TI_CINIT_Base                
00003e78  __TI_CINIT_Limit               
00003e54  __TI_Handler_Table_Base        
00003e60  __TI_Handler_Table_Limit       
00003675  __TI_auto_init                 
0000259d  __TI_cleanup                   
20003b1c  __TI_cleanup_ptr               
00003561  __TI_closefile                 
00003755  __TI_decompress_lzss           
00003d81  __TI_decompress_none           
0000305d  __TI_doflush                   
20003b20  __TI_dtors_ptr                 
20003b24  __TI_enable_exit_profile_output
20003b0c  __TI_ft_end                    
ffffffff  __TI_pprof_out_hndl            
ffffffff  __TI_prof_data_size            
ffffffff  __TI_prof_data_start           
000038bf  __TI_readmsg                   
00000000  __TI_static_base__             
20003320  __TI_tmpnams                   
0000388d  __TI_writemsg                  
00003d9d  __TI_zero_init                 
00003b55  __aeabi_d2uiz                  
000026a3  __aeabi_dadd                   
00002b65  __aeabi_ddiv                   
00002699  __aeabi_dsub                   
00003c57  __aeabi_i2d                    
000035f9  __aeabi_memclr                 
000035f9  __aeabi_memclr4                
000035f9  __aeabi_memclr8                
000034c5  __aeabi_memcpy                 
000034c5  __aeabi_memcpy4                
000034c5  __aeabi_memcpy8                
000035fb  __aeabi_memset                 
000035fb  __aeabi_memset4                
000035fb  __aeabi_memset8                
20003b18  __aeabi_stderr                 
20003b10  __aeabi_stdin                  
20003b14  __aeabi_stdout                 
ffffffff  __binit__                      
ffffffff  __c_args__                     
000015d7  __mpu_init                     
2000fe00  __stack                        
00003cfd  _args_main                     
00003a61  _c_int00                       
20003a18  _device                        
20003928  _ftable                        
20003b34  _lock                          
00003d53  _nop                           
00003d4b  _register_lock                 
00003d45  _register_unlock               
20003a90  _stream                        
20003528  _sys_memory                    
0000284f  _system_post_cinit             
00003da9  _system_pre_init               
20003b38  _unlock                        
00003ab9  abort                          
00003365  add_device                     
ffffffff  binit                          
20003525  bump_data                      
00001979  calloc                         
00003955  close                          
00003b09  copy_in                        
20003526  counter                        
00002249  delay                          
00003ac1  exit                           
000035c7  fclose                         
00000ecb  ferror                         
000030a9  fflush                         
00000eab  fgetc                          
000036e5  finddevice                     
000025f3  fopen                          
000016c3  free                           
000025c9  freopen                        
0000370f  getdevice                      
00000000  interruptVectors               
00000201  main                           
20003af8  main_count                     
20003b50  main_func_sp                   
00001659  malloc                         
0000188d  memalign                       
000034c5  memcpy                         
00003601  memset                         
000015d9  minit                          
20003514  nc                             
20003518  nl                             
2000351c  nr                             
000032a9  open                           
00000ded  outnibble                      
200034d4  parmbuf                        
00001783  realloc                        
00003c85  remove                         
00002f81  setvbuf                        
00003d2d  strchr                         
00003d15  strcmp                         
00003d59  strcpy                         
00003d6d  strlen                         
00003c21  strncpy                        
00002c9d  ta3dummy                       
00000ee9  uart_close                     
00000f67  uart_lseek                     
00000ed9  uart_open                      
00000efb  uart_read                      
00000f83  uart_rename                    
00000f77  uart_unlink                    
00000f25  uart_write                     
00003c85  unlink                         
00003cb1  write                          
20000000  x                              
20001000  x2                             
20002000  x3                             


GLOBAL SYMBOLS: SORTED BY Symbol Address 

address   name                           
-------   ----                           
00000000  __TI_static_base__             
00000000  interruptVectors               
000000e5  RSLK_Reset                     
000000f5  TimedPause                     
00000115  SensorRead_ISR                 
00000165  PeriodMeasure0                 
00000193  PeriodMeasure2                 
000001c1  PORT4_IRQHandler               
000001c1  PORT4_IRQHandler               
00000200  __STACK_SIZE                   
00000201  main                           
00000400  __SYSMEM_SIZE                  
00000961  UART0_Init                     
000009a7  UART0_InChar                   
000009b7  UART0_OutChar                  
000009d3  UART0_OutString                
000009f1  UART0_InUDec                   
00000a75  UART0_OutUDec                  
00000be1  UART0_OutUDec4                 
00000c35  UART0_OutUDec5                 
00000c71  UART0_OutUFix1                 
00000c99  UART0_OutUFix2                 
00000ce5  UART0_InUHex                   
00000da9  UART0_OutUHex                  
00000ded  outnibble                      
00000e15  UART0_OutUHex2                 
00000e31  UART0_InString                 
00000eab  fgetc                          
00000ecb  ferror                         
00000ed9  uart_open                      
00000ee9  uart_close                     
00000efb  uart_read                      
00000f25  uart_write                     
00000f67  uart_lseek                     
00000f77  uart_unlink                    
00000f83  uart_rename                    
00000f91  UART0_Initprintf               
0000101d  EUSCIA0_Init                   
00001083  EUSCIA0_InChar                 
00001095  EUSCIA0_OutChar                
000010af  EUSCIA0_IRQHandler             
000010af  EUSCIA0_IRQHandler             
000010e5  EUSCIA0_OutString              
00001103  EUSCIA0_InUDec                 
00001187  EUSCIA0_OutUDec                
00001319  EUSCIA0_OutUDec4               
00001351  EUSCIA0_OutUDec5               
0000138d  EUSCIA0_OutUFix1               
000013b5  EUSCIA0_OutUFix2               
00001401  EUSCIA0_InUHex                 
000014c9  EUSCIA0_OutUHex                
0000150d  EUSCIA0outnibble               
0000152f  EUSCIA0_OutUHex2               
0000154d  EUSCIA0_InString               
000015d7  __mpu_init                     
000015d9  minit                          
00001659  malloc                         
000016c3  free                           
00001783  realloc                        
0000188d  memalign                       
00001979  calloc                         
000019a9  SystemCoreClockUpdate          
00001c1d  SystemInit                     
00001cd5  LPF_Init                       
00001d33  LPF_Calc                       
00001d87  LPF_Init2                      
00001de5  LPF_Calc2                      
00001e39  LPF_Init3                      
00001e97  LPF_Calc3                      
00001f1d  TxFifo0_Init                   
00001f4f  TxFifo0_Put                    
00001fa9  TxFifo0_Get                    
00001fe7  TxFifo0_Size                   
0000203d  RxFifo0_Init                   
00002049  RxFifo0_Put                    
00002097  RxFifo0_Get                    
000020d5  RxFifo0_Size                   
0000212d  Clock_Init48MHz                
00002243  Clock_GetFreq                  
00002249  delay                          
00002257  Clock_Delay1us                 
00002281  Clock_Delay1ms                 
0000230d  Reflectance_Init               
0000231d  Port5_Init                     
00002337  Port9_Init                     
00002351  Port7_Init                     
00002365  Port7_Output_ChargeCap         
00002373  Port7_InitToInput              
0000237b  Reflectance_Read               
000023c1  Reflectance_Center             
000023e1  Reflectance_Position           
00002455  Reflectance_Start              
0000247b  Reflectance_End                
0000259d  __TI_cleanup                   
000025c9  freopen                        
000025f3  fopen                          
00002699  __aeabi_dsub                   
000026a3  __aeabi_dadd                   
0000284f  _system_post_cinit             
00002851  Motor_Init                     
000028d9  Motor_Stop                     
000028fd  Motor_Forward                  
0000292d  Motor_Right                    
00002967  Motor_Left                     
000029a1  Motor_Backward                 
00002a01  ADC0_InitSWTriggerCh12         
00002a51  ADC_In12                       
00002a71  ADC0_InitSWTriggerCh17_12_16   
00002ae1  ADC_In17_12_16                 
00002b65  __aeabi_ddiv                   
00002c9d  ta3dummy                       
00002ca9  TimerA3Capture_Init            
00002d2f  TA3_0_IRQHandler               
00002d2f  TA3_0_IRQHandler               
00002d49  TA3_N_IRQHandler               
00002d49  TA3_N_IRQHandler               
00002da1  LaunchPad_Init                 
00002e11  LaunchPad_Input                
00002e2b  LaunchPad_LED                  
00002e49  LaunchPad_Output               
00002e95  PWM_Init34                     
00002f19  PWM_Duty3                      
00002f39  PWM_Duty4                      
00002f81  setvbuf                        
0000305d  __TI_doflush                   
000030a9  fflush                         
00003125  Bump_Init                      
0000318d  Bump_Read                      
000031e9  LeftConvert                    
00003219  CenterConvert                  
00003249  RightConvert                   
000032a9  open                           
00003365  add_device                     
0000341d  TimerA1_Init                   
0000347b  TimerA1_Stop                   
0000348f  TA1_0_IRQHandler               
0000348f  TA1_0_IRQHandler               
000034c5  __aeabi_memcpy                 
000034c5  __aeabi_memcpy4                
000034c5  __aeabi_memcpy8                
000034c5  memcpy                         
00003561  __TI_closefile                 
000035c7  fclose                         
000035f9  __aeabi_memclr                 
000035f9  __aeabi_memclr4                
000035f9  __aeabi_memclr8                
000035fb  __aeabi_memset                 
000035fb  __aeabi_memset4                
000035fb  __aeabi_memset8                
00003601  memset                         
00003675  __TI_auto_init                 
000036e5  finddevice                     
0000370f  getdevice                      
00003755  __TI_decompress_lzss           
000037bd  HOSTlseek                      
00003825  HOSTrename                     
0000388d  __TI_writemsg                  
000038bb  C$$IO$$                        
000038bf  __TI_readmsg                   
000038f5  HOSTopen                       
00003955  close                          
000039b1  HOSTread                       
00003a09  HOSTwrite                      
00003a61  _c_int00                       
00003ab5  C$$EXIT                        
00003ab9  abort                          
00003ac1  exit                           
00003b09  copy_in                        
00003b55  __aeabi_d2uiz                  
00003b99  HOSTclose                      
00003bdd  HOSTunlink                     
00003c21  strncpy                        
00003c57  __aeabi_i2d                    
00003c85  remove                         
00003c85  unlink                         
00003cb1  write                          
00003cd9  DisableInterrupts              
00003cdf  EnableInterrupts               
00003ce5  StartCritical                  
00003cef  EndCritical                    
00003cf7  WaitForInterrupt               
00003cfd  _args_main                     
00003d15  strcmp                         
00003d2d  strchr                         
00003d45  _register_unlock               
00003d4b  _register_lock                 
00003d53  _nop                           
00003d59  strcpy                         
00003d6d  strlen                         
00003d81  __TI_decompress_none           
00003d8f  Reset_Handler                  
00003d9b  ADC14_IRQHandler               
00003d9b  AES256_IRQHandler              
00003d9b  BusFault_Handler               
00003d9b  COMP_E0_IRQHandler             
00003d9b  COMP_E1_IRQHandler             
00003d9b  CS_IRQHandler                  
00003d9b  DMA_ERR_IRQHandler             
00003d9b  DMA_INT0_IRQHandler            
00003d9b  DMA_INT1_IRQHandler            
00003d9b  DMA_INT2_IRQHandler            
00003d9b  DMA_INT3_IRQHandler            
00003d9b  DebugMon_Handler               
00003d9b  Default_Handler                
00003d9b  EUSCIA1_IRQHandler             
00003d9b  EUSCIA2_IRQHandler             
00003d9b  EUSCIA3_IRQHandler             
00003d9b  EUSCIB0_IRQHandler             
00003d9b  EUSCIB1_IRQHandler             
00003d9b  EUSCIB2_IRQHandler             
00003d9b  EUSCIB3_IRQHandler             
00003d9b  FLCTL_IRQHandler               
00003d9b  FPU_IRQHandler                 
00003d9b  HardFault_Handler              
00003d9b  MemManage_Handler              
00003d9b  NMI_Handler                    
00003d9b  PCM_IRQHandler                 
00003d9b  PORT1_IRQHandler               
00003d9b  PORT2_IRQHandler               
00003d9b  PORT3_IRQHandler               
00003d9b  PORT5_IRQHandler               
00003d9b  PORT6_IRQHandler               
00003d9b  PSS_IRQHandler                 
00003d9b  PendSV_Handler                 
00003d9b  RTC_C_IRQHandler               
00003d9b  SVC_Handler                    
00003d9b  SysTick_Handler                
00003d9b  T32_INT1_IRQHandler            
00003d9b  T32_INT2_IRQHandler            
00003d9b  T32_INTC_IRQHandler            
00003d9b  TA0_0_IRQHandler               
00003d9b  TA0_N_IRQHandler               
00003d9b  TA1_N_IRQHandler               
00003d9b  TA2_0_IRQHandler               
00003d9b  TA2_N_IRQHandler               
00003d9b  UsageFault_Handler             
00003d9b  WDT_A_IRQHandler               
00003d9d  __TI_zero_init                 
00003da9  _system_pre_init               
00003e54  __TI_Handler_Table_Base        
00003e60  __TI_Handler_Table_Limit       
00003e68  __TI_CINIT_Base                
00003e78  __TI_CINIT_Limit               
20000000  x                              
20001000  x2                             
20002000  x3                             
20003000  TxHistogram                    
20003200  __CIOBUF_                      
20003320  __TI_tmpnams                   
200033c0  RxFifo0                        
20003442  TxFifo0                        
200034c4  Messageb                       
200034cc  Messagec                       
200034d4  parmbuf                        
200034dc  ADCflag                        
200034e0  I1                             
200034e4  I2                             
200034e8  I3                             
200034ec  LPFSum                         
200034f0  LPFSum2                        
200034f4  LPFSum3                        
200034f8  Messageindexb                  
200034fc  Messageindexc                  
20003500  Position                       
20003504  Size                           
20003508  Size2                          
2000350c  Size3                          
20003510  TimerA1Task                    
20003514  nc                             
20003518  nl                             
2000351c  nr                             
20003520  Period0                        
20003522  Period2                        
20003524  Data                           
20003525  bump_data                      
20003526  counter                        
20003528  _sys_memory                    
20003928  _ftable                        
20003a18  _device                        
20003a90  _stream                        
20003ae0  ClockFrequency                 
20003ae4  Prewait                        
20003ae8  CPMwait                        
20003aec  Postwait                       
20003af0  IFlags                         
20003af4  Crystalstable                  
20003af8  main_count                     
20003afc  First0                         
20003b00  Done0                          
20003b04  First2                         
20003b08  Done2                          
20003b0c  __TI_ft_end                    
20003b10  __aeabi_stdin                  
20003b14  __aeabi_stdout                 
20003b18  __aeabi_stderr                 
20003b1c  __TI_cleanup_ptr               
20003b20  __TI_dtors_ptr                 
20003b24  __TI_enable_exit_profile_output
20003b34  _lock                          
20003b38  _unlock                        
20003b3c  CaptureTask0                   
20003b40  CaptureTask2                   
20003b50  main_func_sp                   
20003b54  SystemCoreClock                
2000fe00  __stack                        
20010000  __STACK_END                    
4000480c  WDTCTL_SYM                     
ffffffff  __TI_pprof_out_hndl            
ffffffff  __TI_prof_data_size            
ffffffff  __TI_prof_data_start           
ffffffff  __binit__                      
ffffffff  __c_args__                     
ffffffff  binit                          
UNDEFED   SHT$$INIT_ARRAY$$Base          
UNDEFED   SHT$$INIT_ARRAY$$Limit         

[315 symbols]
