<?xml version="1.0"?>
<link_info>
   <banner>TI ARM Linker PC v16.9.6.LTS</banner>
   <copyright>Copyright (c) 1996-2017 Texas Instruments Incorporated</copyright>
   <link_time>0x635a2081</link_time>
   <link_errors>0x0</link_errors>
   <output_file>Lab5_UARTComms.out</output_file>
   <entry_point>
      <name>_c_int00</name>
      <address>0x3a61</address>
   </entry_point>
   <input_file_list>
      <input_file id="fl-2">
         <path>.\</path>
         <kind>object</kind>
         <file>ADC14.obj</file>
         <name>ADC14.obj</name>
      </input_file>
      <input_file id="fl-3">
         <path>.\</path>
         <kind>object</kind>
         <file>Bump.obj</file>
         <name>Bump.obj</name>
      </input_file>
      <input_file id="fl-4">
         <path>.\</path>
         <kind>object</kind>
         <file>Clock.obj</file>
         <name>Clock.obj</name>
      </input_file>
      <input_file id="fl-5">
         <path>.\</path>
         <kind>object</kind>
         <file>CortexM.obj</file>
         <name>CortexM.obj</name>
      </input_file>
      <input_file id="fl-6">
         <path>.\</path>
         <kind>object</kind>
         <file>EUSCIA0.obj</file>
         <name>EUSCIA0.obj</name>
      </input_file>
      <input_file id="fl-7">
         <path>.\</path>
         <kind>object</kind>
         <file>FIFO0.obj</file>
         <name>FIFO0.obj</name>
      </input_file>
      <input_file id="fl-8">
         <path>.\</path>
         <kind>object</kind>
         <file>IRDistance.obj</file>
         <name>IRDistance.obj</name>
      </input_file>
      <input_file id="fl-9">
         <path>.\</path>
         <kind>object</kind>
         <file>LPF.obj</file>
         <name>LPF.obj</name>
      </input_file>
      <input_file id="fl-a">
         <path>.\</path>
         <kind>object</kind>
         <file>Lab5_UARTmain.obj</file>
         <name>Lab5_UARTmain.obj</name>
      </input_file>
      <input_file id="fl-b">
         <path>.\</path>
         <kind>object</kind>
         <file>LaunchPad.obj</file>
         <name>LaunchPad.obj</name>
      </input_file>
      <input_file id="fl-c">
         <path>.\</path>
         <kind>object</kind>
         <file>Motor.obj</file>
         <name>Motor.obj</name>
      </input_file>
      <input_file id="fl-d">
         <path>.\</path>
         <kind>object</kind>
         <file>PWM.obj</file>
         <name>PWM.obj</name>
      </input_file>
      <input_file id="fl-e">
         <path>.\</path>
         <kind>object</kind>
         <file>Reflectance.obj</file>
         <name>Reflectance.obj</name>
      </input_file>
      <input_file id="fl-f">
         <path>.\</path>
         <kind>object</kind>
         <file>SysTickInts.obj</file>
         <name>SysTickInts.obj</name>
      </input_file>
      <input_file id="fl-10">
         <path>.\</path>
         <kind>object</kind>
         <file>TA3InputCapture.obj</file>
         <name>TA3InputCapture.obj</name>
      </input_file>
      <input_file id="fl-11">
         <path>.\</path>
         <kind>object</kind>
         <file>TimerA1.obj</file>
         <name>TimerA1.obj</name>
      </input_file>
      <input_file id="fl-12">
         <path>.\</path>
         <kind>object</kind>
         <file>UART0.obj</file>
         <name>UART0.obj</name>
      </input_file>
      <input_file id="fl-13">
         <path>.\</path>
         <kind>object</kind>
         <file>startup_msp432p401r_ccs.obj</file>
         <name>startup_msp432p401r_ccs.obj</name>
      </input_file>
      <input_file id="fl-14">
         <path>.\</path>
         <kind>object</kind>
         <file>system_msp432p401r.obj</file>
         <name>system_msp432p401r.obj</name>
      </input_file>
      <input_file id="fl-18">
         <kind>object</kind>
         <file>&lt;internal&gt;</file>
         <name>&lt;internal&gt;</name>
      </input_file>
      <input_file id="fl-ce">
         <path>C:\ti\ccsv7\tools\compiler\ti-cgt-arm_16.9.6.LTS\lib\</path>
         <kind>archive</kind>
         <file>rtsv7M4_T_le_v4SPD16_eabi.lib</file>
         <name>add_device.obj</name>
      </input_file>
      <input_file id="fl-cf">
         <path>C:\ti\ccsv7\tools\compiler\ti-cgt-arm_16.9.6.LTS\lib\</path>
         <kind>archive</kind>
         <file>rtsv7M4_T_le_v4SPD16_eabi.lib</file>
         <name>boot.obj</name>
      </input_file>
      <input_file id="fl-d0">
         <path>C:\ti\ccsv7\tools\compiler\ti-cgt-arm_16.9.6.LTS\lib\</path>
         <kind>archive</kind>
         <file>rtsv7M4_T_le_v4SPD16_eabi.lib</file>
         <name>copy_decompress_lzss.obj</name>
      </input_file>
      <input_file id="fl-d1">
         <path>C:\ti\ccsv7\tools\compiler\ti-cgt-arm_16.9.6.LTS\lib\</path>
         <kind>archive</kind>
         <file>rtsv7M4_T_le_v4SPD16_eabi.lib</file>
         <name>copy_decompress_none.obj</name>
      </input_file>
      <input_file id="fl-d2">
         <path>C:\ti\ccsv7\tools\compiler\ti-cgt-arm_16.9.6.LTS\lib\</path>
         <kind>archive</kind>
         <file>rtsv7M4_T_le_v4SPD16_eabi.lib</file>
         <name>copy_zero_init.obj</name>
      </input_file>
      <input_file id="fl-d3">
         <path>C:\ti\ccsv7\tools\compiler\ti-cgt-arm_16.9.6.LTS\lib\</path>
         <kind>archive</kind>
         <file>rtsv7M4_T_le_v4SPD16_eabi.lib</file>
         <name>defs.obj</name>
      </input_file>
      <input_file id="fl-d4">
         <path>C:\ti\ccsv7\tools\compiler\ti-cgt-arm_16.9.6.LTS\lib\</path>
         <kind>archive</kind>
         <file>rtsv7M4_T_le_v4SPD16_eabi.lib</file>
         <name>exit.obj</name>
      </input_file>
      <input_file id="fl-d5">
         <path>C:\ti\ccsv7\tools\compiler\ti-cgt-arm_16.9.6.LTS\lib\</path>
         <kind>archive</kind>
         <file>rtsv7M4_T_le_v4SPD16_eabi.lib</file>
         <name>fd_add_t2.obj</name>
      </input_file>
      <input_file id="fl-d6">
         <path>C:\ti\ccsv7\tools\compiler\ti-cgt-arm_16.9.6.LTS\lib\</path>
         <kind>archive</kind>
         <file>rtsv7M4_T_le_v4SPD16_eabi.lib</file>
         <name>fd_div_t2.obj</name>
      </input_file>
      <input_file id="fl-d7">
         <path>C:\ti\ccsv7\tools\compiler\ti-cgt-arm_16.9.6.LTS\lib\</path>
         <kind>archive</kind>
         <file>rtsv7M4_T_le_v4SPD16_eabi.lib</file>
         <name>fd_tou_t2.obj</name>
      </input_file>
      <input_file id="fl-d8">
         <path>C:\ti\ccsv7\tools\compiler\ti-cgt-arm_16.9.6.LTS\lib\</path>
         <kind>archive</kind>
         <file>rtsv7M4_T_le_v4SPD16_eabi.lib</file>
         <name>fopen.obj</name>
      </input_file>
      <input_file id="fl-d9">
         <path>C:\ti\ccsv7\tools\compiler\ti-cgt-arm_16.9.6.LTS\lib\</path>
         <kind>archive</kind>
         <file>rtsv7M4_T_le_v4SPD16_eabi.lib</file>
         <name>getdevice.obj</name>
      </input_file>
      <input_file id="fl-da">
         <path>C:\ti\ccsv7\tools\compiler\ti-cgt-arm_16.9.6.LTS\lib\</path>
         <kind>archive</kind>
         <file>rtsv7M4_T_le_v4SPD16_eabi.lib</file>
         <name>i_tofd_t2.obj</name>
      </input_file>
      <input_file id="fl-db">
         <path>C:\ti\ccsv7\tools\compiler\ti-cgt-arm_16.9.6.LTS\lib\</path>
         <kind>archive</kind>
         <file>rtsv7M4_T_le_v4SPD16_eabi.lib</file>
         <name>memcpy_t2.obj</name>
      </input_file>
      <input_file id="fl-dc">
         <path>C:\ti\ccsv7\tools\compiler\ti-cgt-arm_16.9.6.LTS\lib\</path>
         <kind>archive</kind>
         <file>rtsv7M4_T_le_v4SPD16_eabi.lib</file>
         <name>memset_t2.obj</name>
      </input_file>
      <input_file id="fl-dd">
         <path>C:\ti\ccsv7\tools\compiler\ti-cgt-arm_16.9.6.LTS\lib\</path>
         <kind>archive</kind>
         <file>rtsv7M4_T_le_v4SPD16_eabi.lib</file>
         <name>mpu_init.obj</name>
      </input_file>
      <input_file id="fl-de">
         <path>C:\ti\ccsv7\tools\compiler\ti-cgt-arm_16.9.6.LTS\lib\</path>
         <kind>archive</kind>
         <file>rtsv7M4_T_le_v4SPD16_eabi.lib</file>
         <name>open.obj</name>
      </input_file>
      <input_file id="fl-df">
         <path>C:\ti\ccsv7\tools\compiler\ti-cgt-arm_16.9.6.LTS\lib\</path>
         <kind>archive</kind>
         <file>rtsv7M4_T_le_v4SPD16_eabi.lib</file>
         <name>pre_init.obj</name>
      </input_file>
      <input_file id="fl-e0">
         <path>C:\ti\ccsv7\tools\compiler\ti-cgt-arm_16.9.6.LTS\lib\</path>
         <kind>archive</kind>
         <file>rtsv7M4_T_le_v4SPD16_eabi.lib</file>
         <name>setvbuf.obj</name>
      </input_file>
      <input_file id="fl-e1">
         <path>C:\ti\ccsv7\tools\compiler\ti-cgt-arm_16.9.6.LTS\lib\</path>
         <kind>archive</kind>
         <file>rtsv7M4_T_le_v4SPD16_eabi.lib</file>
         <name>stkdepth_vars.obj</name>
      </input_file>
      <input_file id="fl-e2">
         <path>C:\ti\ccsv7\tools\compiler\ti-cgt-arm_16.9.6.LTS\lib\</path>
         <kind>archive</kind>
         <file>rtsv7M4_T_le_v4SPD16_eabi.lib</file>
         <name>strchr.obj</name>
      </input_file>
      <input_file id="fl-e3">
         <path>C:\ti\ccsv7\tools\compiler\ti-cgt-arm_16.9.6.LTS\lib\</path>
         <kind>archive</kind>
         <file>rtsv7M4_T_le_v4SPD16_eabi.lib</file>
         <name>strcmp.obj</name>
      </input_file>
      <input_file id="fl-e4">
         <path>C:\ti\ccsv7\tools\compiler\ti-cgt-arm_16.9.6.LTS\lib\</path>
         <kind>archive</kind>
         <file>rtsv7M4_T_le_v4SPD16_eabi.lib</file>
         <name>strncpy.obj</name>
      </input_file>
      <input_file id="fl-e5">
         <path>C:\ti\ccsv7\tools\compiler\ti-cgt-arm_16.9.6.LTS\lib\</path>
         <kind>archive</kind>
         <file>rtsv7M4_T_le_v4SPD16_eabi.lib</file>
         <name>write.obj</name>
      </input_file>
      <input_file id="fl-e6">
         <path>C:\ti\ccsv7\tools\compiler\ti-cgt-arm_16.9.6.LTS\lib\</path>
         <kind>archive</kind>
         <file>rtsv7M4_T_le_v4SPD16_eabi.lib</file>
         <name>_lock.obj</name>
      </input_file>
      <input_file id="fl-e7">
         <path>C:\ti\ccsv7\tools\compiler\ti-cgt-arm_16.9.6.LTS\lib\</path>
         <kind>archive</kind>
         <file>rtsv7M4_T_le_v4SPD16_eabi.lib</file>
         <name>args_main.obj</name>
      </input_file>
      <input_file id="fl-e8">
         <path>C:\ti\ccsv7\tools\compiler\ti-cgt-arm_16.9.6.LTS\lib\</path>
         <kind>archive</kind>
         <file>rtsv7M4_T_le_v4SPD16_eabi.lib</file>
         <name>autoinit.obj</name>
      </input_file>
      <input_file id="fl-e9">
         <path>C:\ti\ccsv7\tools\compiler\ti-cgt-arm_16.9.6.LTS\lib\</path>
         <kind>archive</kind>
         <file>rtsv7M4_T_le_v4SPD16_eabi.lib</file>
         <name>cpy_tbl.obj</name>
      </input_file>
      <input_file id="fl-ea">
         <path>C:\ti\ccsv7\tools\compiler\ti-cgt-arm_16.9.6.LTS\lib\</path>
         <kind>archive</kind>
         <file>rtsv7M4_T_le_v4SPD16_eabi.lib</file>
         <name>fclose.obj</name>
      </input_file>
      <input_file id="fl-eb">
         <path>C:\ti\ccsv7\tools\compiler\ti-cgt-arm_16.9.6.LTS\lib\</path>
         <kind>archive</kind>
         <file>rtsv7M4_T_le_v4SPD16_eabi.lib</file>
         <name>fflush.obj</name>
      </input_file>
      <input_file id="fl-ec">
         <path>C:\ti\ccsv7\tools\compiler\ti-cgt-arm_16.9.6.LTS\lib\</path>
         <kind>archive</kind>
         <file>rtsv7M4_T_le_v4SPD16_eabi.lib</file>
         <name>hostclose.obj</name>
      </input_file>
      <input_file id="fl-ed">
         <path>C:\ti\ccsv7\tools\compiler\ti-cgt-arm_16.9.6.LTS\lib\</path>
         <kind>archive</kind>
         <file>rtsv7M4_T_le_v4SPD16_eabi.lib</file>
         <name>hostlseek.obj</name>
      </input_file>
      <input_file id="fl-ee">
         <path>C:\ti\ccsv7\tools\compiler\ti-cgt-arm_16.9.6.LTS\lib\</path>
         <kind>archive</kind>
         <file>rtsv7M4_T_le_v4SPD16_eabi.lib</file>
         <name>hostopen.obj</name>
      </input_file>
      <input_file id="fl-ef">
         <path>C:\ti\ccsv7\tools\compiler\ti-cgt-arm_16.9.6.LTS\lib\</path>
         <kind>archive</kind>
         <file>rtsv7M4_T_le_v4SPD16_eabi.lib</file>
         <name>hostread.obj</name>
      </input_file>
      <input_file id="fl-f0">
         <path>C:\ti\ccsv7\tools\compiler\ti-cgt-arm_16.9.6.LTS\lib\</path>
         <kind>archive</kind>
         <file>rtsv7M4_T_le_v4SPD16_eabi.lib</file>
         <name>hostrename.obj</name>
      </input_file>
      <input_file id="fl-f1">
         <path>C:\ti\ccsv7\tools\compiler\ti-cgt-arm_16.9.6.LTS\lib\</path>
         <kind>archive</kind>
         <file>rtsv7M4_T_le_v4SPD16_eabi.lib</file>
         <name>hostunlink.obj</name>
      </input_file>
      <input_file id="fl-f2">
         <path>C:\ti\ccsv7\tools\compiler\ti-cgt-arm_16.9.6.LTS\lib\</path>
         <kind>archive</kind>
         <file>rtsv7M4_T_le_v4SPD16_eabi.lib</file>
         <name>hostwrite.obj</name>
      </input_file>
      <input_file id="fl-f3">
         <path>C:\ti\ccsv7\tools\compiler\ti-cgt-arm_16.9.6.LTS\lib\</path>
         <kind>archive</kind>
         <file>rtsv7M4_T_le_v4SPD16_eabi.lib</file>
         <name>memory.obj</name>
      </input_file>
      <input_file id="fl-f4">
         <path>C:\ti\ccsv7\tools\compiler\ti-cgt-arm_16.9.6.LTS\lib\</path>
         <kind>archive</kind>
         <file>rtsv7M4_T_le_v4SPD16_eabi.lib</file>
         <name>remove.obj</name>
      </input_file>
      <input_file id="fl-f5">
         <path>C:\ti\ccsv7\tools\compiler\ti-cgt-arm_16.9.6.LTS\lib\</path>
         <kind>archive</kind>
         <file>rtsv7M4_T_le_v4SPD16_eabi.lib</file>
         <name>startup.obj</name>
      </input_file>
      <input_file id="fl-f6">
         <path>C:\ti\ccsv7\tools\compiler\ti-cgt-arm_16.9.6.LTS\lib\</path>
         <kind>archive</kind>
         <file>rtsv7M4_T_le_v4SPD16_eabi.lib</file>
         <name>strcpy.obj</name>
      </input_file>
      <input_file id="fl-f7">
         <path>C:\ti\ccsv7\tools\compiler\ti-cgt-arm_16.9.6.LTS\lib\</path>
         <kind>archive</kind>
         <file>rtsv7M4_T_le_v4SPD16_eabi.lib</file>
         <name>strlen.obj</name>
      </input_file>
      <input_file id="fl-f8">
         <path>C:\ti\ccsv7\tools\compiler\ti-cgt-arm_16.9.6.LTS\lib\</path>
         <kind>archive</kind>
         <file>rtsv7M4_T_le_v4SPD16_eabi.lib</file>
         <name>trgmsg.obj</name>
      </input_file>
      <input_file id="fl-f9">
         <path>C:\ti\ccsv7\tools\compiler\ti-cgt-arm_16.9.6.LTS\lib\</path>
         <kind>archive</kind>
         <file>rtsv7M4_T_le_v4SPD16_eabi.lib</file>
         <name>unlink.obj</name>
      </input_file>
      <input_file id="fl-fa">
         <path>C:\ti\ccsv7\tools\compiler\ti-cgt-arm_16.9.6.LTS\lib\</path>
         <kind>archive</kind>
         <file>rtsv7M4_T_le_v4SPD16_eabi.lib</file>
         <name>close.obj</name>
      </input_file>
   </input_file_list>
   <object_component_list>
      <object_component id="oc-2c">
         <name>.intvecs:retain</name>
         <load_address>0x0</load_address>
         <run_address>0x0</run_address>
         <size>0xe4</size>
         <input_file_ref idref="fl-13"/>
      </object_component>
      <object_component id="oc-90">
         <name>.text</name>
         <load_address>0xe4</load_address>
         <run_address>0xe4</run_address>
         <size>0x87c</size>
         <input_file_ref idref="fl-a"/>
      </object_component>
      <object_component id="oc-124">
         <name>.text</name>
         <load_address>0x960</load_address>
         <run_address>0x960</run_address>
         <size>0x6bc</size>
         <input_file_ref idref="fl-12"/>
      </object_component>
      <object_component id="oc-8a">
         <name>.text</name>
         <load_address>0x101c</load_address>
         <run_address>0x101c</run_address>
         <size>0x5ba</size>
         <input_file_ref idref="fl-6"/>
      </object_component>
      <object_component id="oc-56">
         <name>.text</name>
         <load_address>0x15d6</load_address>
         <run_address>0x15d6</run_address>
         <size>0x2</size>
         <input_file_ref idref="fl-dd"/>
      </object_component>
      <object_component id="oc-232">
         <name>.text</name>
         <load_address>0x15d8</load_address>
         <run_address>0x15d8</run_address>
         <size>0x3d0</size>
         <input_file_ref idref="fl-f3"/>
      </object_component>
      <object_component id="oc-d0">
         <name>.text</name>
         <load_address>0x19a8</load_address>
         <run_address>0x19a8</run_address>
         <size>0x32c</size>
         <input_file_ref idref="fl-14"/>
      </object_component>
      <object_component id="oc-10e">
         <name>.text</name>
         <load_address>0x1cd4</load_address>
         <run_address>0x1cd4</run_address>
         <size>0x248</size>
         <input_file_ref idref="fl-9"/>
      </object_component>
      <object_component id="oc-e5">
         <name>.text</name>
         <load_address>0x1f1c</load_address>
         <run_address>0x1f1c</run_address>
         <size>0x210</size>
         <input_file_ref idref="fl-7"/>
      </object_component>
      <object_component id="oc-fc">
         <name>.text</name>
         <load_address>0x212c</load_address>
         <run_address>0x212c</run_address>
         <size>0x1e0</size>
         <input_file_ref idref="fl-4"/>
      </object_component>
      <object_component id="oc-132">
         <name>.text</name>
         <load_address>0x230c</load_address>
         <run_address>0x230c</run_address>
         <size>0x1c8</size>
         <input_file_ref idref="fl-e"/>
      </object_component>
      <object_component id="oc-1b9">
         <name>.text</name>
         <load_address>0x24d4</load_address>
         <run_address>0x24d4</run_address>
         <size>0x1c4</size>
         <input_file_ref idref="fl-d8"/>
      </object_component>
      <object_component id="oc-1d8">
         <name>.text</name>
         <load_address>0x2698</load_address>
         <run_address>0x2698</run_address>
         <size>0x1b6</size>
         <input_file_ref idref="fl-d5"/>
      </object_component>
      <object_component id="oc-bb">
         <name>.text</name>
         <load_address>0x284e</load_address>
         <run_address>0x284e</run_address>
         <size>0x2</size>
         <input_file_ref idref="fl-f5"/>
      </object_component>
      <object_component id="oc-102">
         <name>.text</name>
         <load_address>0x2850</load_address>
         <run_address>0x2850</run_address>
         <size>0x1b0</size>
         <input_file_ref idref="fl-c"/>
      </object_component>
      <object_component id="oc-108">
         <name>.text</name>
         <load_address>0x2a00</load_address>
         <run_address>0x2a00</run_address>
         <size>0x164</size>
         <input_file_ref idref="fl-2"/>
      </object_component>
      <object_component id="oc-1d3">
         <name>.text</name>
         <load_address>0x2b64</load_address>
         <run_address>0x2b64</run_address>
         <size>0x136</size>
         <input_file_ref idref="fl-d6"/>
      </object_component>
      <object_component id="oc-84">
         <name>.text</name>
         <load_address>0x2c9c</load_address>
         <run_address>0x2c9c</run_address>
         <size>0x104</size>
         <input_file_ref idref="fl-10"/>
      </object_component>
      <object_component id="oc-f6">
         <name>.text</name>
         <load_address>0x2da0</load_address>
         <run_address>0x2da0</run_address>
         <size>0xf4</size>
         <input_file_ref idref="fl-b"/>
      </object_component>
      <object_component id="oc-192">
         <name>.text</name>
         <load_address>0x2e94</load_address>
         <run_address>0x2e94</run_address>
         <size>0xec</size>
         <input_file_ref idref="fl-d"/>
      </object_component>
      <object_component id="oc-1bf">
         <name>.text</name>
         <load_address>0x2f80</load_address>
         <run_address>0x2f80</run_address>
         <size>0xdc</size>
         <input_file_ref idref="fl-e0"/>
      </object_component>
      <object_component id="oc-29f">
         <name>.text</name>
         <load_address>0x305c</load_address>
         <run_address>0x305c</run_address>
         <size>0xc8</size>
         <input_file_ref idref="fl-eb"/>
      </object_component>
      <object_component id="oc-114">
         <name>.text</name>
         <load_address>0x3124</load_address>
         <run_address>0x3124</run_address>
         <size>0xc4</size>
         <input_file_ref idref="fl-3"/>
      </object_component>
      <object_component id="oc-12a">
         <name>.text</name>
         <load_address>0x31e8</load_address>
         <run_address>0x31e8</run_address>
         <size>0xc0</size>
         <input_file_ref idref="fl-8"/>
      </object_component>
      <object_component id="oc-220">
         <name>.text</name>
         <load_address>0x32a8</load_address>
         <run_address>0x32a8</run_address>
         <size>0xbc</size>
         <input_file_ref idref="fl-de"/>
      </object_component>
      <object_component id="oc-1b3">
         <name>.text</name>
         <load_address>0x3364</load_address>
         <run_address>0x3364</run_address>
         <size>0xb8</size>
         <input_file_ref idref="fl-ce"/>
      </object_component>
      <object_component id="oc-7e">
         <name>.text</name>
         <load_address>0x341c</load_address>
         <run_address>0x341c</run_address>
         <size>0xa8</size>
         <input_file_ref idref="fl-11"/>
      </object_component>
      <object_component id="oc-3e">
         <name>.text</name>
         <load_address>0x34c4</load_address>
         <run_address>0x34c4</run_address>
         <size>0x9c</size>
         <input_file_ref idref="fl-db"/>
      </object_component>
      <object_component id="oc-226">
         <name>.text</name>
         <load_address>0x3560</load_address>
         <run_address>0x3560</run_address>
         <size>0x98</size>
         <input_file_ref idref="fl-ea"/>
      </object_component>
      <object_component id="oc-4a">
         <name>.text</name>
         <load_address>0x35f8</load_address>
         <run_address>0x35f8</run_address>
         <size>0x7a</size>
         <input_file_ref idref="fl-dc"/>
      </object_component>
      <object_component id="oc-62">
         <name>.text</name>
         <load_address>0x3674</load_address>
         <run_address>0x3674</run_address>
         <size>0x70</size>
         <input_file_ref idref="fl-e8"/>
      </object_component>
      <object_component id="oc-20e">
         <name>.text</name>
         <load_address>0x36e4</load_address>
         <run_address>0x36e4</run_address>
         <size>0x70</size>
         <input_file_ref idref="fl-d9"/>
      </object_component>
      <object_component id="oc-14">
         <name>.text:decompress:lzss</name>
         <load_address>0x3754</load_address>
         <run_address>0x3754</run_address>
         <size>0x68</size>
         <input_file_ref idref="fl-d0"/>
      </object_component>
      <object_component id="oc-278">
         <name>.text</name>
         <load_address>0x37bc</load_address>
         <run_address>0x37bc</run_address>
         <size>0x68</size>
         <input_file_ref idref="fl-ed"/>
      </object_component>
      <object_component id="oc-284">
         <name>.text</name>
         <load_address>0x3824</load_address>
         <run_address>0x3824</run_address>
         <size>0x68</size>
         <input_file_ref idref="fl-f0"/>
      </object_component>
      <object_component id="oc-2d3">
         <name>.text</name>
         <load_address>0x388c</load_address>
         <run_address>0x388c</run_address>
         <size>0x68</size>
         <input_file_ref idref="fl-f8"/>
      </object_component>
      <object_component id="oc-260">
         <name>.text</name>
         <load_address>0x38f4</load_address>
         <run_address>0x38f4</run_address>
         <size>0x60</size>
         <input_file_ref idref="fl-ee"/>
      </object_component>
      <object_component id="oc-2a5">
         <name>.text</name>
         <load_address>0x3954</load_address>
         <run_address>0x3954</run_address>
         <size>0x5c</size>
         <input_file_ref idref="fl-fa"/>
      </object_component>
      <object_component id="oc-26c">
         <name>.text</name>
         <load_address>0x39b0</load_address>
         <run_address>0x39b0</run_address>
         <size>0x58</size>
         <input_file_ref idref="fl-ef"/>
      </object_component>
      <object_component id="oc-272">
         <name>.text</name>
         <load_address>0x3a08</load_address>
         <run_address>0x3a08</run_address>
         <size>0x58</size>
         <input_file_ref idref="fl-f2"/>
      </object_component>
      <object_component id="oc-26">
         <name>.text</name>
         <load_address>0x3a60</load_address>
         <run_address>0x3a60</run_address>
         <size>0x54</size>
         <input_file_ref idref="fl-cf"/>
      </object_component>
      <object_component id="oc-6e">
         <name>.text</name>
         <load_address>0x3ab4</load_address>
         <run_address>0x3ab4</run_address>
         <size>0x54</size>
         <input_file_ref idref="fl-d4"/>
      </object_component>
      <object_component id="oc-b5">
         <name>.text</name>
         <load_address>0x3b08</load_address>
         <run_address>0x3b08</run_address>
         <size>0x4c</size>
         <input_file_ref idref="fl-e9"/>
      </object_component>
      <object_component id="oc-1dd">
         <name>.text</name>
         <load_address>0x3b54</load_address>
         <run_address>0x3b54</run_address>
         <size>0x44</size>
         <input_file_ref idref="fl-d7"/>
      </object_component>
      <object_component id="oc-266">
         <name>.text</name>
         <load_address>0x3b98</load_address>
         <run_address>0x3b98</run_address>
         <size>0x44</size>
         <input_file_ref idref="fl-ec"/>
      </object_component>
      <object_component id="oc-27e">
         <name>.text</name>
         <load_address>0x3bdc</load_address>
         <run_address>0x3bdc</run_address>
         <size>0x44</size>
         <input_file_ref idref="fl-f1"/>
      </object_component>
      <object_component id="oc-214">
         <name>.text</name>
         <load_address>0x3c20</load_address>
         <run_address>0x3c20</run_address>
         <size>0x36</size>
         <input_file_ref idref="fl-e4"/>
      </object_component>
      <object_component id="oc-1ce">
         <name>.text</name>
         <load_address>0x3c56</load_address>
         <run_address>0x3c56</run_address>
         <size>0x2e</size>
         <input_file_ref idref="fl-da"/>
      </object_component>
      <object_component id="oc-2ab">
         <name>.text</name>
         <load_address>0x3c84</load_address>
         <run_address>0x3c84</run_address>
         <size>0x2c</size>
         <input_file_ref idref="fl-f9"/>
      </object_component>
      <object_component id="oc-2fa">
         <name>.text</name>
         <load_address>0x3cb0</load_address>
         <run_address>0x3cb0</run_address>
         <size>0x28</size>
         <input_file_ref idref="fl-e5"/>
      </object_component>
      <object_component id="oc-f0">
         <name>.text</name>
         <load_address>0x3cd8</load_address>
         <run_address>0x3cd8</run_address>
         <size>0x24</size>
         <input_file_ref idref="fl-5"/>
      </object_component>
      <object_component id="oc-68">
         <name>.text</name>
         <load_address>0x3cfc</load_address>
         <run_address>0x3cfc</run_address>
         <size>0x18</size>
         <input_file_ref idref="fl-e7"/>
      </object_component>
      <object_component id="oc-250">
         <name>.text</name>
         <load_address>0x3d14</load_address>
         <run_address>0x3d14</run_address>
         <size>0x18</size>
         <input_file_ref idref="fl-e3"/>
      </object_component>
      <object_component id="oc-256">
         <name>.text</name>
         <load_address>0x3d2c</load_address>
         <run_address>0x3d2c</run_address>
         <size>0x16</size>
         <input_file_ref idref="fl-e2"/>
      </object_component>
      <object_component id="oc-164">
         <name>.text</name>
         <load_address>0x3d44</load_address>
         <run_address>0x3d44</run_address>
         <size>0x14</size>
         <input_file_ref idref="fl-e6"/>
      </object_component>
      <object_component id="oc-2e7">
         <name>.text</name>
         <load_address>0x3d58</load_address>
         <run_address>0x3d58</run_address>
         <size>0x14</size>
         <input_file_ref idref="fl-f6"/>
      </object_component>
      <object_component id="oc-2cd">
         <name>.text</name>
         <load_address>0x3d6c</load_address>
         <run_address>0x3d6c</run_address>
         <size>0x14</size>
         <input_file_ref idref="fl-f7"/>
      </object_component>
      <object_component id="oc-1a">
         <name>.text:decompress:none</name>
         <load_address>0x3d80</load_address>
         <run_address>0x3d80</run_address>
         <size>0xe</size>
         <input_file_ref idref="fl-d1"/>
      </object_component>
      <object_component id="oc-78">
         <name>.text</name>
         <load_address>0x3d8e</load_address>
         <run_address>0x3d8e</run_address>
         <size>0xe</size>
         <input_file_ref idref="fl-13"/>
      </object_component>
      <object_component id="oc-20">
         <name>.text:decompress:ZI</name>
         <load_address>0x3d9c</load_address>
         <run_address>0x3d9c</run_address>
         <size>0xc</size>
         <input_file_ref idref="fl-d2"/>
      </object_component>
      <object_component id="oc-5c">
         <name>.text</name>
         <load_address>0x3da8</load_address>
         <run_address>0x3da8</run_address>
         <size>0x4</size>
         <input_file_ref idref="fl-df"/>
      </object_component>
      <object_component id="oc-1e3">
         <name>.const:$P$T0$1</name>
         <load_address>0x3dac</load_address>
         <run_address>0x3dac</run_address>
         <size>0x20</size>
         <input_file_ref idref="fl-e"/>
      </object_component>
      <object_component id="oc-35b">
         <name>.cinit..data.load</name>
         <load_address>0x3dd0</load_address>
         <run_address>0x3dd0</run_address>
         <size>0x81</size>
      </object_component>
      <object_component id="oc-359">
         <name>__TI_handler_table</name>
         <load_address>0x3e54</load_address>
         <run_address>0x3e54</run_address>
         <size>0xc</size>
      </object_component>
      <object_component id="oc-35c">
         <name>.cinit..bss.load</name>
         <load_address>0x3e60</load_address>
         <run_address>0x3e60</run_address>
         <size>0x8</size>
      </object_component>
      <object_component id="oc-35a">
         <name>__TI_cinit_table</name>
         <load_address>0x3e68</load_address>
         <run_address>0x3e68</run_address>
         <size>0x10</size>
      </object_component>
      <object_component id="oc-336">
         <name>.binit</name>
         <load_address>0x0</load_address>
         <run_address>0x0</run_address>
         <size>0x0</size>
      </object_component>
      <object_component id="oc-18e">
         <name>.data</name>
         <load_address>0x20003ae0</load_address>
         <run_address>0x20003ae0</run_address>
         <size>0x18</size>
         <input_file_ref idref="fl-4"/>
      </object_component>
      <object_component id="oc-120">
         <name>.data</name>
         <load_address>0x20003af8</load_address>
         <run_address>0x20003af8</run_address>
         <size>0x14</size>
         <input_file_ref idref="fl-a"/>
      </object_component>
      <object_component id="oc-e0">
         <name>.data</name>
         <load_address>0x20003b3c</load_address>
         <run_address>0x20003b3c</run_address>
         <size>0x8</size>
         <input_file_ref idref="fl-10"/>
      </object_component>
      <object_component id="oc-170">
         <name>.data</name>
         <load_address>0x20003b54</load_address>
         <run_address>0x20003b54</run_address>
         <size>0x4</size>
         <input_file_ref idref="fl-14"/>
      </object_component>
      <object_component id="oc-21a">
         <name>.data</name>
         <load_address>0x20003b44</load_address>
         <run_address>0x20003b44</run_address>
         <size>0x4</size>
         <input_file_ref idref="fl-ce"/>
      </object_component>
      <object_component id="oc-1c5">
         <name>.data:_ftable</name>
         <load_address>0x20003928</load_address>
         <run_address>0x20003928</run_address>
         <size>0xf0</size>
         <input_file_ref idref="fl-d3"/>
      </object_component>
      <object_component id="oc-22c">
         <name>.data</name>
         <load_address>0x20003b0c</load_address>
         <run_address>0x20003b0c</run_address>
         <size>0x10</size>
         <input_file_ref idref="fl-d3"/>
      </object_component>
      <object_component id="oc-c5">
         <name>.data:$O1$$</name>
         <load_address>0x20003b1c</load_address>
         <run_address>0x20003b1c</run_address>
         <size>0xc</size>
         <input_file_ref idref="fl-d4"/>
      </object_component>
      <object_component id="oc-22f">
         <name>.data</name>
         <load_address>0x20003b48</load_address>
         <run_address>0x20003b48</run_address>
         <size>0x4</size>
         <input_file_ref idref="fl-d8"/>
      </object_component>
      <object_component id="oc-299">
         <name>.data</name>
         <load_address>0x20003b4c</load_address>
         <run_address>0x20003b4c</run_address>
         <size>0x4</size>
         <input_file_ref idref="fl-de"/>
      </object_component>
      <object_component id="oc-74">
         <name>.data</name>
         <load_address>0x20003b50</load_address>
         <run_address>0x20003b50</run_address>
         <size>0x4</size>
         <input_file_ref idref="fl-e1"/>
      </object_component>
      <object_component id="oc-21b">
         <name>.data:_device</name>
         <load_address>0x20003a18</load_address>
         <run_address>0x20003a18</run_address>
         <size>0x78</size>
         <input_file_ref idref="fl-e5"/>
      </object_component>
      <object_component id="oc-29a">
         <name>.data:_stream</name>
         <load_address>0x20003a90</load_address>
         <run_address>0x20003a90</run_address>
         <size>0x50</size>
         <input_file_ref idref="fl-e5"/>
      </object_component>
      <object_component id="oc-c8">
         <name>.data:$O1$$</name>
         <load_address>0x20003b34</load_address>
         <run_address>0x20003b34</run_address>
         <size>0x8</size>
         <input_file_ref idref="fl-e6"/>
      </object_component>
      <object_component id="oc-2bd">
         <name>.data:$O1$$</name>
         <load_address>0x20003b28</load_address>
         <run_address>0x20003b28</run_address>
         <size>0xc</size>
         <input_file_ref idref="fl-f3"/>
      </object_component>
      <object_component id="oc-310">
         <name>.bss:_CIOBUF_</name>
         <uninitialized>true</uninitialized>
         <run_address>0x20003200</run_address>
         <size>0x120</size>
         <input_file_ref idref="fl-f8"/>
      </object_component>
      <object_component id="oc-ee">
         <name>.common:Messageindexc</name>
         <uninitialized>true</uninitialized>
         <run_address>0x200034fc</run_address>
         <size>0x4</size>
      </object_component>
      <object_component id="oc-eb">
         <name>.common:Messagec</name>
         <uninitialized>true</uninitialized>
         <run_address>0x200034cc</run_address>
         <size>0x8</size>
      </object_component>
      <object_component id="oc-184">
         <name>.common:TxFifo0</name>
         <uninitialized>true</uninitialized>
         <run_address>0x20003442</run_address>
         <size>0x82</size>
      </object_component>
      <object_component id="oc-188">
         <name>.common:RxFifo0</name>
         <uninitialized>true</uninitialized>
         <run_address>0x200033c0</run_address>
         <size>0x82</size>
      </object_component>
      <object_component id="oc-187">
         <name>.common:TxHistogram</name>
         <uninitialized>true</uninitialized>
         <run_address>0x20003000</run_address>
         <size>0x200</size>
      </object_component>
      <object_component id="oc-19b">
         <name>.common:Size</name>
         <uninitialized>true</uninitialized>
         <run_address>0x20003504</run_address>
         <size>0x4</size>
      </object_component>
      <object_component id="oc-1a0">
         <name>.common:x</name>
         <uninitialized>true</uninitialized>
         <run_address>0x20000000</run_address>
         <size>0x1000</size>
      </object_component>
      <object_component id="oc-19e">
         <name>.common:I1</name>
         <uninitialized>true</uninitialized>
         <run_address>0x200034e0</run_address>
         <size>0x4</size>
      </object_component>
      <object_component id="oc-19f">
         <name>.common:LPFSum</name>
         <uninitialized>true</uninitialized>
         <run_address>0x200034ec</run_address>
         <size>0x4</size>
      </object_component>
      <object_component id="oc-1a1">
         <name>.common:Size2</name>
         <uninitialized>true</uninitialized>
         <run_address>0x20003508</run_address>
         <size>0x4</size>
      </object_component>
      <object_component id="oc-1a4">
         <name>.common:x2</name>
         <uninitialized>true</uninitialized>
         <run_address>0x20001000</run_address>
         <size>0x1000</size>
      </object_component>
      <object_component id="oc-1a2">
         <name>.common:I2</name>
         <uninitialized>true</uninitialized>
         <run_address>0x200034e4</run_address>
         <size>0x4</size>
      </object_component>
      <object_component id="oc-1a3">
         <name>.common:LPFSum2</name>
         <uninitialized>true</uninitialized>
         <run_address>0x200034f0</run_address>
         <size>0x4</size>
      </object_component>
      <object_component id="oc-1a5">
         <name>.common:Size3</name>
         <uninitialized>true</uninitialized>
         <run_address>0x2000350c</run_address>
         <size>0x4</size>
      </object_component>
      <object_component id="oc-1a8">
         <name>.common:x3</name>
         <uninitialized>true</uninitialized>
         <run_address>0x20002000</run_address>
         <size>0x1000</size>
      </object_component>
      <object_component id="oc-1a6">
         <name>.common:I3</name>
         <uninitialized>true</uninitialized>
         <run_address>0x200034e8</run_address>
         <size>0x4</size>
      </object_component>
      <object_component id="oc-1a7">
         <name>.common:LPFSum3</name>
         <uninitialized>true</uninitialized>
         <run_address>0x200034f4</run_address>
         <size>0x4</size>
      </object_component>
      <object_component id="oc-130">
         <name>.common:ADCflag</name>
         <uninitialized>true</uninitialized>
         <run_address>0x200034dc</run_address>
         <size>0x4</size>
      </object_component>
      <object_component id="oc-11a">
         <name>.common:nr</name>
         <uninitialized>true</uninitialized>
         <run_address>0x2000351c</run_address>
         <size>0x4</size>
      </object_component>
      <object_component id="oc-11d">
         <name>.common:nc</name>
         <uninitialized>true</uninitialized>
         <run_address>0x20003514</run_address>
         <size>0x4</size>
      </object_component>
      <object_component id="oc-11e">
         <name>.common:nl</name>
         <uninitialized>true</uninitialized>
         <run_address>0x20003518</run_address>
         <size>0x4</size>
      </object_component>
      <object_component id="oc-139">
         <name>.common:Data</name>
         <uninitialized>true</uninitialized>
         <run_address>0x20003524</run_address>
         <size>0x1</size>
      </object_component>
      <object_component id="oc-13a">
         <name>.common:Position</name>
         <uninitialized>true</uninitialized>
         <run_address>0x20003500</run_address>
         <size>0x4</size>
      </object_component>
      <object_component id="oc-131">
         <name>.common:bump_data</name>
         <uninitialized>true</uninitialized>
         <run_address>0x20003525</run_address>
         <size>0x1</size>
      </object_component>
      <object_component id="oc-138">
         <name>.common:counter</name>
         <uninitialized>true</uninitialized>
         <run_address>0x20003526</run_address>
         <size>0x1</size>
      </object_component>
      <object_component id="oc-11f">
         <name>.common:Period0</name>
         <uninitialized>true</uninitialized>
         <run_address>0x20003520</run_address>
         <size>0x2</size>
      </object_component>
      <object_component id="oc-123">
         <name>.common:Period2</name>
         <uninitialized>true</uninitialized>
         <run_address>0x20003522</run_address>
         <size>0x2</size>
      </object_component>
      <object_component id="oc-d7">
         <name>.common:TimerA1Task</name>
         <uninitialized>true</uninitialized>
         <run_address>0x20003510</run_address>
         <size>0x4</size>
      </object_component>
      <object_component id="oc-1b2">
         <name>.common:Messageindexb</name>
         <uninitialized>true</uninitialized>
         <run_address>0x200034f8</run_address>
         <size>0x4</size>
      </object_component>
      <object_component id="oc-1af">
         <name>.common:Messageb</name>
         <uninitialized>true</uninitialized>
         <run_address>0x200034c4</run_address>
         <size>0x8</size>
      </object_component>
      <object_component id="oc-2b1">
         <name>.common:__TI_tmpnams</name>
         <uninitialized>true</uninitialized>
         <run_address>0x20003320</run_address>
         <size>0xa0</size>
      </object_component>
      <object_component id="oc-2d9">
         <name>.common:parmbuf</name>
         <uninitialized>true</uninitialized>
         <run_address>0x200034d4</run_address>
         <size>0x8</size>
      </object_component>
      <object_component id="oc-30">
         <name>.sysmem</name>
         <uninitialized>true</uninitialized>
         <run_address>0x20003528</run_address>
         <size>0x8</size>
         <input_file_ref idref="fl-f3"/>
      </object_component>
      <object_component id="oc-35e">
         <name>.sysmem</name>
         <uninitialized>true</uninitialized>
         <run_address>0x20003528</run_address>
         <size>0x0</size>
      </object_component>
      <object_component id="oc-2f">
         <name>.stack</name>
         <uninitialized>true</uninitialized>
         <run_address>0x2000fe00</run_address>
         <size>0x0</size>
         <input_file_ref idref="fl-cf"/>
      </object_component>
      <object_component id="oc-35d">
         <name>.stack</name>
         <uninitialized>true</uninitialized>
         <run_address>0x2000fe00</run_address>
         <size>0x0</size>
      </object_component>
      <object_component id="oc-19a">
         <name>.debug_info</name>
         <load_address>0x0</load_address>
         <run_address>0x0</run_address>
         <size>0x532</size>
         <input_file_ref idref="fl-2"/>
      </object_component>
      <object_component id="oc-109">
         <name>.debug_info</name>
         <load_address>0x532</load_address>
         <run_address>0x532</run_address>
         <size>0x377</size>
         <input_file_ref idref="fl-2"/>
      </object_component>
      <object_component id="oc-176">
         <name>.debug_info</name>
         <load_address>0x8a9</load_address>
         <run_address>0x8a9</run_address>
         <size>0x37e2</size>
         <input_file_ref idref="fl-2"/>
      </object_component>
      <object_component id="oc-17b">
         <name>.debug_info</name>
         <load_address>0x408b</load_address>
         <run_address>0x408b</run_address>
         <size>0x1055</size>
         <input_file_ref idref="fl-2"/>
      </object_component>
      <object_component id="oc-39">
         <name>.debug_info</name>
         <load_address>0x50e0</load_address>
         <run_address>0x50e0</run_address>
         <size>0x84</size>
         <input_file_ref idref="fl-2"/>
      </object_component>
      <object_component id="oc-db">
         <name>.debug_info</name>
         <load_address>0x5164</load_address>
         <run_address>0x5164</run_address>
         <size>0x18b</size>
         <input_file_ref idref="fl-2"/>
      </object_component>
      <object_component id="oc-115">
         <name>.debug_info</name>
         <load_address>0x52ef</load_address>
         <run_address>0x52ef</run_address>
         <size>0x1dd</size>
         <input_file_ref idref="fl-3"/>
      </object_component>
      <object_component id="oc-18f">
         <name>.debug_info</name>
         <load_address>0x54cc</load_address>
         <run_address>0x54cc</run_address>
         <size>0x19a</size>
         <input_file_ref idref="fl-4"/>
      </object_component>
      <object_component id="oc-fd">
         <name>.debug_info</name>
         <load_address>0x5666</load_address>
         <run_address>0x5666</run_address>
         <size>0x3cc</size>
         <input_file_ref idref="fl-4"/>
      </object_component>
      <object_component id="oc-f2">
         <name>.debug_info</name>
         <load_address>0x5a32</load_address>
         <run_address>0x5a32</run_address>
         <size>0x38d</size>
         <input_file_ref idref="fl-5"/>
      </object_component>
      <object_component id="oc-ec">
         <name>.debug_info</name>
         <load_address>0x5dbf</load_address>
         <run_address>0x5dbf</run_address>
         <size>0x67e</size>
         <input_file_ref idref="fl-6"/>
      </object_component>
      <object_component id="oc-8d">
         <name>.debug_info</name>
         <load_address>0x643d</load_address>
         <run_address>0x643d</run_address>
         <size>0x11cd</size>
         <input_file_ref idref="fl-6"/>
      </object_component>
      <object_component id="oc-185">
         <name>.debug_info</name>
         <load_address>0x760a</load_address>
         <run_address>0x760a</run_address>
         <size>0x2e8</size>
         <input_file_ref idref="fl-7"/>
      </object_component>
      <object_component id="oc-e8">
         <name>.debug_info</name>
         <load_address>0x78f2</load_address>
         <run_address>0x78f2</run_address>
         <size>0x5e5</size>
         <input_file_ref idref="fl-7"/>
      </object_component>
      <object_component id="oc-1fb">
         <name>.debug_info</name>
         <load_address>0x7ed7</load_address>
         <run_address>0x7ed7</run_address>
         <size>0x76</size>
         <input_file_ref idref="fl-7"/>
      </object_component>
      <object_component id="oc-12b">
         <name>.debug_info</name>
         <load_address>0x7f4d</load_address>
         <run_address>0x7f4d</run_address>
         <size>0x3fd</size>
         <input_file_ref idref="fl-8"/>
      </object_component>
      <object_component id="oc-19c">
         <name>.debug_info</name>
         <load_address>0x834a</load_address>
         <run_address>0x834a</run_address>
         <size>0x6a9</size>
         <input_file_ref idref="fl-9"/>
      </object_component>
      <object_component id="oc-10f">
         <name>.debug_info</name>
         <load_address>0x89f3</load_address>
         <run_address>0x89f3</run_address>
         <size>0x551</size>
         <input_file_ref idref="fl-9"/>
      </object_component>
      <object_component id="oc-11b">
         <name>.debug_info</name>
         <load_address>0x8f44</load_address>
         <run_address>0x8f44</run_address>
         <size>0xd18</size>
         <input_file_ref idref="fl-a"/>
      </object_component>
      <object_component id="oc-121">
         <name>.debug_info</name>
         <load_address>0x9c5c</load_address>
         <run_address>0x9c5c</run_address>
         <size>0x148</size>
         <input_file_ref idref="fl-a"/>
      </object_component>
      <object_component id="oc-91">
         <name>.debug_info</name>
         <load_address>0x9da4</load_address>
         <run_address>0x9da4</run_address>
         <size>0x1334</size>
         <input_file_ref idref="fl-a"/>
      </object_component>
      <object_component id="oc-ac">
         <name>.debug_info</name>
         <load_address>0xb0d8</load_address>
         <run_address>0xb0d8</run_address>
         <size>0x2c</size>
         <input_file_ref idref="fl-a"/>
      </object_component>
      <object_component id="oc-f9">
         <name>.debug_info</name>
         <load_address>0xb104</load_address>
         <run_address>0xb104</run_address>
         <size>0x35c</size>
         <input_file_ref idref="fl-b"/>
      </object_component>
      <object_component id="oc-103">
         <name>.debug_info</name>
         <load_address>0xb460</load_address>
         <run_address>0xb460</run_address>
         <size>0x631</size>
         <input_file_ref idref="fl-c"/>
      </object_component>
      <object_component id="oc-195">
         <name>.debug_info</name>
         <load_address>0xba91</load_address>
         <run_address>0xba91</run_address>
         <size>0x300</size>
         <input_file_ref idref="fl-d"/>
      </object_component>
      <object_component id="oc-1e7">
         <name>.debug_info</name>
         <load_address>0xbd91</load_address>
         <run_address>0xbd91</run_address>
         <size>0x581</size>
         <input_file_ref idref="fl-e"/>
      </object_component>
      <object_component id="oc-1e4">
         <name>.debug_info</name>
         <load_address>0xc312</load_address>
         <run_address>0xc312</run_address>
         <size>0xea</size>
         <input_file_ref idref="fl-e"/>
      </object_component>
      <object_component id="oc-135">
         <name>.debug_info</name>
         <load_address>0xc3fc</load_address>
         <run_address>0xc3fc</run_address>
         <size>0x96f</size>
         <input_file_ref idref="fl-e"/>
      </object_component>
      <object_component id="oc-24b">
         <name>.debug_info</name>
         <load_address>0xcd6b</load_address>
         <run_address>0xcd6b</run_address>
         <size>0x37e2</size>
         <input_file_ref idref="fl-e"/>
      </object_component>
      <object_component id="oc-e4">
         <name>.debug_info</name>
         <load_address>0x1054d</load_address>
         <run_address>0x1054d</run_address>
         <size>0x548</size>
         <input_file_ref idref="fl-10"/>
      </object_component>
      <object_component id="oc-e1">
         <name>.debug_info</name>
         <load_address>0x10a95</load_address>
         <run_address>0x10a95</run_address>
         <size>0x122</size>
         <input_file_ref idref="fl-10"/>
      </object_component>
      <object_component id="oc-85">
         <name>.debug_info</name>
         <load_address>0x10bb7</load_address>
         <run_address>0x10bb7</run_address>
         <size>0x3bd</size>
         <input_file_ref idref="fl-10"/>
      </object_component>
      <object_component id="oc-d8">
         <name>.debug_info</name>
         <load_address>0x10f74</load_address>
         <run_address>0x10f74</run_address>
         <size>0x55d</size>
         <input_file_ref idref="fl-11"/>
      </object_component>
      <object_component id="oc-80">
         <name>.debug_info</name>
         <load_address>0x114d1</load_address>
         <run_address>0x114d1</run_address>
         <size>0x2c2</size>
         <input_file_ref idref="fl-11"/>
      </object_component>
      <object_component id="oc-1b0">
         <name>.debug_info</name>
         <load_address>0x11793</load_address>
         <run_address>0x11793</run_address>
         <size>0x770</size>
         <input_file_ref idref="fl-12"/>
      </object_component>
      <object_component id="oc-125">
         <name>.debug_info</name>
         <load_address>0x11f03</load_address>
         <run_address>0x11f03</run_address>
         <size>0x18de</size>
         <input_file_ref idref="fl-12"/>
      </object_component>
      <object_component id="oc-209">
         <name>.debug_info</name>
         <load_address>0x137e1</load_address>
         <run_address>0x137e1</run_address>
         <size>0xc8</size>
         <input_file_ref idref="fl-12"/>
      </object_component>
      <object_component id="oc-1c9">
         <name>.debug_info</name>
         <load_address>0x138a9</load_address>
         <run_address>0x138a9</run_address>
         <size>0x2c</size>
         <input_file_ref idref="fl-12"/>
      </object_component>
      <object_component id="oc-98">
         <name>.debug_info</name>
         <load_address>0x138d5</load_address>
         <run_address>0x138d5</run_address>
         <size>0x2b0</size>
         <input_file_ref idref="fl-13"/>
      </object_component>
      <object_component id="oc-2d">
         <name>.debug_info</name>
         <load_address>0x13b85</load_address>
         <run_address>0x13b85</run_address>
         <size>0xee</size>
         <input_file_ref idref="fl-13"/>
      </object_component>
      <object_component id="oc-7a">
         <name>.debug_info</name>
         <load_address>0x13c73</load_address>
         <run_address>0x13c73</run_address>
         <size>0x1b5</size>
         <input_file_ref idref="fl-13"/>
      </object_component>
      <object_component id="oc-171">
         <name>.debug_info</name>
         <load_address>0x13e28</load_address>
         <run_address>0x13e28</run_address>
         <size>0xe7</size>
         <input_file_ref idref="fl-14"/>
      </object_component>
      <object_component id="oc-d1">
         <name>.debug_info</name>
         <load_address>0x13f0f</load_address>
         <run_address>0x13f0f</run_address>
         <size>0x259</size>
         <input_file_ref idref="fl-14"/>
      </object_component>
      <object_component id="oc-21f">
         <name>.debug_info</name>
         <load_address>0x14168</load_address>
         <run_address>0x14168</run_address>
         <size>0x430</size>
         <input_file_ref idref="fl-ce"/>
      </object_component>
      <object_component id="oc-1b5">
         <name>.debug_info</name>
         <load_address>0x14598</load_address>
         <run_address>0x14598</run_address>
         <size>0x2d0</size>
         <input_file_ref idref="fl-ce"/>
      </object_component>
      <object_component id="oc-294">
         <name>.debug_info</name>
         <load_address>0x14868</load_address>
         <run_address>0x14868</run_address>
         <size>0xea</size>
         <input_file_ref idref="fl-ce"/>
      </object_component>
      <object_component id="oc-28f">
         <name>.debug_info</name>
         <load_address>0x14952</load_address>
         <run_address>0x14952</run_address>
         <size>0x2c</size>
         <input_file_ref idref="fl-ce"/>
      </object_component>
      <object_component id="oc-27">
         <name>.debug_info</name>
         <load_address>0x1497e</load_address>
         <run_address>0x1497e</run_address>
         <size>0x160</size>
         <input_file_ref idref="fl-cf"/>
      </object_component>
      <object_component id="oc-a2">
         <name>.debug_info</name>
         <load_address>0x14ade</load_address>
         <run_address>0x14ade</run_address>
         <size>0x293</size>
         <input_file_ref idref="fl-d0"/>
      </object_component>
      <object_component id="oc-15">
         <name>.debug_info</name>
         <load_address>0x14d71</load_address>
         <run_address>0x14d71</run_address>
         <size>0x245</size>
         <input_file_ref idref="fl-d0"/>
      </object_component>
      <object_component id="oc-34">
         <name>.debug_info</name>
         <load_address>0x14fb6</load_address>
         <run_address>0x14fb6</run_address>
         <size>0x60</size>
         <input_file_ref idref="fl-d0"/>
      </object_component>
      <object_component id="oc-9d">
         <name>.debug_info</name>
         <load_address>0x15016</load_address>
         <run_address>0x15016</run_address>
         <size>0x46</size>
         <input_file_ref idref="fl-d0"/>
      </object_component>
      <object_component id="oc-49">
         <name>.debug_info</name>
         <load_address>0x1505c</load_address>
         <run_address>0x1505c</run_address>
         <size>0x2da</size>
         <input_file_ref idref="fl-d1"/>
      </object_component>
      <object_component id="oc-1b">
         <name>.debug_info</name>
         <load_address>0x15336</load_address>
         <run_address>0x15336</run_address>
         <size>0x1df</size>
         <input_file_ref idref="fl-d1"/>
      </object_component>
      <object_component id="oc-44">
         <name>.debug_info</name>
         <load_address>0x15515</load_address>
         <run_address>0x15515</run_address>
         <size>0x46</size>
         <input_file_ref idref="fl-d1"/>
      </object_component>
      <object_component id="oc-a4">
         <name>.debug_info</name>
         <load_address>0x1555b</load_address>
         <run_address>0x1555b</run_address>
         <size>0x2c</size>
         <input_file_ref idref="fl-d1"/>
      </object_component>
      <object_component id="oc-55">
         <name>.debug_info</name>
         <load_address>0x15587</load_address>
         <run_address>0x15587</run_address>
         <size>0x2c9</size>
         <input_file_ref idref="fl-d2"/>
      </object_component>
      <object_component id="oc-21">
         <name>.debug_info</name>
         <load_address>0x15850</load_address>
         <run_address>0x15850</run_address>
         <size>0x1aa</size>
         <input_file_ref idref="fl-d2"/>
      </object_component>
      <object_component id="oc-50">
         <name>.debug_info</name>
         <load_address>0x159fa</load_address>
         <run_address>0x159fa</run_address>
         <size>0x46</size>
         <input_file_ref idref="fl-d2"/>
      </object_component>
      <object_component id="oc-241">
         <name>.debug_info</name>
         <load_address>0x15a40</load_address>
         <run_address>0x15a40</run_address>
         <size>0x139</size>
         <input_file_ref idref="fl-d3"/>
      </object_component>
      <object_component id="oc-1c6">
         <name>.debug_info</name>
         <load_address>0x15b79</load_address>
         <run_address>0x15b79</run_address>
         <size>0xf7</size>
         <input_file_ref idref="fl-d3"/>
      </object_component>
      <object_component id="oc-22d">
         <name>.debug_info</name>
         <load_address>0x15c70</load_address>
         <run_address>0x15c70</run_address>
         <size>0x184</size>
         <input_file_ref idref="fl-d3"/>
      </object_component>
      <object_component id="oc-2b8">
         <name>.debug_info</name>
         <load_address>0x15df4</load_address>
         <run_address>0x15df4</run_address>
         <size>0xae</size>
         <input_file_ref idref="fl-d3"/>
      </object_component>
      <object_component id="oc-cc">
         <name>.debug_info</name>
         <load_address>0x15ea2</load_address>
         <run_address>0x15ea2</run_address>
         <size>0x3ce</size>
         <input_file_ref idref="fl-d4"/>
      </object_component>
      <object_component id="oc-c6">
         <name>.debug_info</name>
         <load_address>0x16270</load_address>
         <run_address>0x16270</run_address>
         <size>0x185</size>
         <input_file_ref idref="fl-d4"/>
      </object_component>
      <object_component id="oc-72">
         <name>.debug_info</name>
         <load_address>0x163f5</load_address>
         <run_address>0x163f5</run_address>
         <size>0x214</size>
         <input_file_ref idref="fl-d4"/>
      </object_component>
      <object_component id="oc-1da">
         <name>.debug_info</name>
         <load_address>0x16609</load_address>
         <run_address>0x16609</run_address>
         <size>0x144</size>
         <input_file_ref idref="fl-d5"/>
      </object_component>
      <object_component id="oc-1d6">
         <name>.debug_info</name>
         <load_address>0x1674d</load_address>
         <run_address>0x1674d</run_address>
         <size>0x132</size>
         <input_file_ref idref="fl-d6"/>
      </object_component>
      <object_component id="oc-1de">
         <name>.debug_info</name>
         <load_address>0x1687f</load_address>
         <run_address>0x1687f</run_address>
         <size>0x131</size>
         <input_file_ref idref="fl-d7"/>
      </object_component>
      <object_component id="oc-231">
         <name>.debug_info</name>
         <load_address>0x169b0</load_address>
         <run_address>0x169b0</run_address>
         <size>0x3d6</size>
         <input_file_ref idref="fl-d8"/>
      </object_component>
      <object_component id="oc-1bb">
         <name>.debug_info</name>
         <load_address>0x16d86</load_address>
         <run_address>0x16d86</run_address>
         <size>0x455</size>
         <input_file_ref idref="fl-d8"/>
      </object_component>
      <object_component id="oc-140">
         <name>.debug_info</name>
         <load_address>0x171db</load_address>
         <run_address>0x171db</run_address>
         <size>0x2c</size>
         <input_file_ref idref="fl-d8"/>
      </object_component>
      <object_component id="oc-25d">
         <name>.debug_info</name>
         <load_address>0x17207</load_address>
         <run_address>0x17207</run_address>
         <size>0x417</size>
         <input_file_ref idref="fl-d9"/>
      </object_component>
      <object_component id="oc-212">
         <name>.debug_info</name>
         <load_address>0x1761e</load_address>
         <run_address>0x1761e</run_address>
         <size>0x282</size>
         <input_file_ref idref="fl-d9"/>
      </object_component>
      <object_component id="oc-1cf">
         <name>.debug_info</name>
         <load_address>0x178a0</load_address>
         <run_address>0x178a0</run_address>
         <size>0x124</size>
         <input_file_ref idref="fl-da"/>
      </object_component>
      <object_component id="oc-41">
         <name>.debug_info</name>
         <load_address>0x179c4</load_address>
         <run_address>0x179c4</run_address>
         <size>0x111</size>
         <input_file_ref idref="fl-db"/>
      </object_component>
      <object_component id="oc-4c">
         <name>.debug_info</name>
         <load_address>0x17ad5</load_address>
         <run_address>0x17ad5</run_address>
         <size>0x13f</size>
         <input_file_ref idref="fl-dc"/>
      </object_component>
      <object_component id="oc-58">
         <name>.debug_info</name>
         <load_address>0x17c14</load_address>
         <run_address>0x17c14</run_address>
         <size>0x138</size>
         <input_file_ref idref="fl-dd"/>
      </object_component>
      <object_component id="oc-29e">
         <name>.debug_info</name>
         <load_address>0x17d4c</load_address>
         <run_address>0x17d4c</run_address>
         <size>0x3f7</size>
         <input_file_ref idref="fl-de"/>
      </object_component>
      <object_component id="oc-221">
         <name>.debug_info</name>
         <load_address>0x18143</load_address>
         <run_address>0x18143</run_address>
         <size>0x23a</size>
         <input_file_ref idref="fl-de"/>
      </object_component>
      <object_component id="oc-2f1">
         <name>.debug_info</name>
         <load_address>0x1837d</load_address>
         <run_address>0x1837d</run_address>
         <size>0x120</size>
         <input_file_ref idref="fl-de"/>
      </object_component>
      <object_component id="oc-5d">
         <name>.debug_info</name>
         <load_address>0x1849d</load_address>
         <run_address>0x1849d</run_address>
         <size>0x148</size>
         <input_file_ref idref="fl-df"/>
      </object_component>
      <object_component id="oc-239">
         <name>.debug_info</name>
         <load_address>0x185e5</load_address>
         <run_address>0x185e5</run_address>
         <size>0x35a</size>
         <input_file_ref idref="fl-e0"/>
      </object_component>
      <object_component id="oc-1c3">
         <name>.debug_info</name>
         <load_address>0x1893f</load_address>
         <run_address>0x1893f</run_address>
         <size>0x200</size>
         <input_file_ref idref="fl-e0"/>
      </object_component>
      <object_component id="oc-23a">
         <name>.debug_info</name>
         <load_address>0x18b3f</load_address>
         <run_address>0x18b3f</run_address>
         <size>0xbb</size>
         <input_file_ref idref="fl-e0"/>
      </object_component>
      <object_component id="oc-75">
         <name>.debug_info</name>
         <load_address>0x18bfa</load_address>
         <run_address>0x18bfa</run_address>
         <size>0x109</size>
         <input_file_ref idref="fl-e1"/>
      </object_component>
      <object_component id="oc-2c8">
         <name>.debug_info</name>
         <load_address>0x18d03</load_address>
         <run_address>0x18d03</run_address>
         <size>0x28f</size>
         <input_file_ref idref="fl-e2"/>
      </object_component>
      <object_component id="oc-257">
         <name>.debug_info</name>
         <load_address>0x18f92</load_address>
         <run_address>0x18f92</run_address>
         <size>0x244</size>
         <input_file_ref idref="fl-e2"/>
      </object_component>
      <object_component id="oc-2c6">
         <name>.debug_info</name>
         <load_address>0x191d6</load_address>
         <run_address>0x191d6</run_address>
         <size>0x27f</size>
         <input_file_ref idref="fl-e3"/>
      </object_component>
      <object_component id="oc-254">
         <name>.debug_info</name>
         <load_address>0x19455</load_address>
         <run_address>0x19455</run_address>
         <size>0x258</size>
         <input_file_ref idref="fl-e3"/>
      </object_component>
      <object_component id="oc-25f">
         <name>.debug_info</name>
         <load_address>0x196ad</load_address>
         <run_address>0x196ad</run_address>
         <size>0x290</size>
         <input_file_ref idref="fl-e4"/>
      </object_component>
      <object_component id="oc-215">
         <name>.debug_info</name>
         <load_address>0x1993d</load_address>
         <run_address>0x1993d</run_address>
         <size>0x259</size>
         <input_file_ref idref="fl-e4"/>
      </object_component>
      <object_component id="oc-28c">
         <name>.debug_info</name>
         <load_address>0x19b96</load_address>
         <run_address>0x19b96</run_address>
         <size>0x4c5</size>
         <input_file_ref idref="fl-e5"/>
      </object_component>
      <object_component id="oc-21c">
         <name>.debug_info</name>
         <load_address>0x1a05b</load_address>
         <run_address>0x1a05b</run_address>
         <size>0xf8</size>
         <input_file_ref idref="fl-e5"/>
      </object_component>
      <object_component id="oc-29b">
         <name>.debug_info</name>
         <load_address>0x1a153</load_address>
         <run_address>0x1a153</run_address>
         <size>0xf8</size>
         <input_file_ref idref="fl-e5"/>
      </object_component>
      <object_component id="oc-2fe">
         <name>.debug_info</name>
         <load_address>0x1a24b</load_address>
         <run_address>0x1a24b</run_address>
         <size>0x184</size>
         <input_file_ref idref="fl-e5"/>
      </object_component>
      <object_component id="oc-16c">
         <name>.debug_info</name>
         <load_address>0x1a3cf</load_address>
         <run_address>0x1a3cf</run_address>
         <size>0x2be</size>
         <input_file_ref idref="fl-e6"/>
      </object_component>
      <object_component id="oc-c9">
         <name>.debug_info</name>
         <load_address>0x1a68d</load_address>
         <run_address>0x1a68d</run_address>
         <size>0x113</size>
         <input_file_ref idref="fl-e6"/>
      </object_component>
      <object_component id="oc-165">
         <name>.debug_info</name>
         <load_address>0x1a7a0</load_address>
         <run_address>0x1a7a0</run_address>
         <size>0x21f</size>
         <input_file_ref idref="fl-e6"/>
      </object_component>
      <object_component id="oc-c4">
         <name>.debug_info</name>
         <load_address>0x1a9bf</load_address>
         <run_address>0x1a9bf</run_address>
         <size>0x300</size>
         <input_file_ref idref="fl-e7"/>
      </object_component>
      <object_component id="oc-6a">
         <name>.debug_info</name>
         <load_address>0x1acbf</load_address>
         <run_address>0x1acbf</run_address>
         <size>0x167</size>
         <input_file_ref idref="fl-e7"/>
      </object_component>
      <object_component id="oc-15d">
         <name>.debug_info</name>
         <load_address>0x1ae26</load_address>
         <run_address>0x1ae26</run_address>
         <size>0x5e</size>
         <input_file_ref idref="fl-e7"/>
      </object_component>
      <object_component id="oc-c2">
         <name>.debug_info</name>
         <load_address>0x1ae84</load_address>
         <run_address>0x1ae84</run_address>
         <size>0x483</size>
         <input_file_ref idref="fl-e8"/>
      </object_component>
      <object_component id="oc-65">
         <name>.debug_info</name>
         <load_address>0x1b307</load_address>
         <run_address>0x1b307</run_address>
         <size>0x190</size>
         <input_file_ref idref="fl-e8"/>
      </object_component>
      <object_component id="oc-151">
         <name>.debug_info</name>
         <load_address>0x1b497</load_address>
         <run_address>0x1b497</run_address>
         <size>0x39</size>
         <input_file_ref idref="fl-e8"/>
      </object_component>
      <object_component id="oc-1ef">
         <name>.debug_info</name>
         <load_address>0x1b4d0</load_address>
         <run_address>0x1b4d0</run_address>
         <size>0x39</size>
         <input_file_ref idref="fl-e8"/>
      </object_component>
      <object_component id="oc-156">
         <name>.debug_info</name>
         <load_address>0x1b509</load_address>
         <run_address>0x1b509</run_address>
         <size>0xcd</size>
         <input_file_ref idref="fl-e8"/>
      </object_component>
      <object_component id="oc-14d">
         <name>.debug_info</name>
         <load_address>0x1b5d6</load_address>
         <run_address>0x1b5d6</run_address>
         <size>0x37a</size>
         <input_file_ref idref="fl-e9"/>
      </object_component>
      <object_component id="oc-b6">
         <name>.debug_info</name>
         <load_address>0x1b950</load_address>
         <run_address>0x1b950</run_address>
         <size>0x183</size>
         <input_file_ref idref="fl-e9"/>
      </object_component>
      <object_component id="oc-1ea">
         <name>.debug_info</name>
         <load_address>0x1bad3</load_address>
         <run_address>0x1bad3</run_address>
         <size>0x2c</size>
         <input_file_ref idref="fl-e9"/>
      </object_component>
      <object_component id="oc-2b3">
         <name>.debug_info</name>
         <load_address>0x1baff</load_address>
         <run_address>0x1baff</run_address>
         <size>0x39a</size>
         <input_file_ref idref="fl-ea"/>
      </object_component>
      <object_component id="oc-229">
         <name>.debug_info</name>
         <load_address>0x1be99</load_address>
         <run_address>0x1be99</run_address>
         <size>0x298</size>
         <input_file_ref idref="fl-ea"/>
      </object_component>
      <object_component id="oc-301">
         <name>.debug_info</name>
         <load_address>0x1c131</load_address>
         <run_address>0x1c131</run_address>
         <size>0x33c</size>
         <input_file_ref idref="fl-eb"/>
      </object_component>
      <object_component id="oc-2a0">
         <name>.debug_info</name>
         <load_address>0x1c46d</load_address>
         <run_address>0x1c46d</run_address>
         <size>0x25a</size>
         <input_file_ref idref="fl-eb"/>
      </object_component>
      <object_component id="oc-2de">
         <name>.debug_info</name>
         <load_address>0x1c6c7</load_address>
         <run_address>0x1c6c7</run_address>
         <size>0x368</size>
         <input_file_ref idref="fl-ec"/>
      </object_component>
      <object_component id="oc-26a">
         <name>.debug_info</name>
         <load_address>0x1ca2f</load_address>
         <run_address>0x1ca2f</run_address>
         <size>0x1b1</size>
         <input_file_ref idref="fl-ec"/>
      </object_component>
      <object_component id="oc-2e4">
         <name>.debug_info</name>
         <load_address>0x1cbe0</load_address>
         <run_address>0x1cbe0</run_address>
         <size>0x36d</size>
         <input_file_ref idref="fl-ed"/>
      </object_component>
      <object_component id="oc-27b">
         <name>.debug_info</name>
         <load_address>0x1cf4d</load_address>
         <run_address>0x1cf4d</run_address>
         <size>0x205</size>
         <input_file_ref idref="fl-ed"/>
      </object_component>
      <object_component id="oc-2da">
         <name>.debug_info</name>
         <load_address>0x1d152</load_address>
         <run_address>0x1d152</run_address>
         <size>0x3cb</size>
         <input_file_ref idref="fl-ee"/>
      </object_component>
      <object_component id="oc-261">
         <name>.debug_info</name>
         <load_address>0x1d51d</load_address>
         <run_address>0x1d51d</run_address>
         <size>0x201</size>
         <input_file_ref idref="fl-ee"/>
      </object_component>
      <object_component id="oc-2e0">
         <name>.debug_info</name>
         <load_address>0x1d71e</load_address>
         <run_address>0x1d71e</run_address>
         <size>0x36c</size>
         <input_file_ref idref="fl-ef"/>
      </object_component>
      <object_component id="oc-26d">
         <name>.debug_info</name>
         <load_address>0x1da8a</load_address>
         <run_address>0x1da8a</run_address>
         <size>0x1f0</size>
         <input_file_ref idref="fl-ef"/>
      </object_component>
      <object_component id="oc-2ee">
         <name>.debug_info</name>
         <load_address>0x1dc7a</load_address>
         <run_address>0x1dc7a</run_address>
         <size>0x3f3</size>
         <input_file_ref idref="fl-f0"/>
      </object_component>
      <object_component id="oc-285">
         <name>.debug_info</name>
         <load_address>0x1e06d</load_address>
         <run_address>0x1e06d</run_address>
         <size>0x22b</size>
         <input_file_ref idref="fl-f0"/>
      </object_component>
      <object_component id="oc-2e6">
         <name>.debug_info</name>
         <load_address>0x1e298</load_address>
         <run_address>0x1e298</run_address>
         <size>0x3be</size>
         <input_file_ref idref="fl-f1"/>
      </object_component>
      <object_component id="oc-27f">
         <name>.debug_info</name>
         <load_address>0x1e656</load_address>
         <run_address>0x1e656</run_address>
         <size>0x1bb</size>
         <input_file_ref idref="fl-f1"/>
      </object_component>
      <object_component id="oc-2e2">
         <name>.debug_info</name>
         <load_address>0x1e811</load_address>
         <run_address>0x1e811</run_address>
         <size>0x36d</size>
         <input_file_ref idref="fl-f2"/>
      </object_component>
      <object_component id="oc-273">
         <name>.debug_info</name>
         <load_address>0x1eb7e</load_address>
         <run_address>0x1eb7e</run_address>
         <size>0x1f5</size>
         <input_file_ref idref="fl-f2"/>
      </object_component>
      <object_component id="oc-9b">
         <name>.debug_info</name>
         <load_address>0x1ed73</load_address>
         <run_address>0x1ed73</run_address>
         <size>0x3bc</size>
         <input_file_ref idref="fl-f3"/>
      </object_component>
      <object_component id="oc-31">
         <name>.debug_info</name>
         <load_address>0x1f12f</load_address>
         <run_address>0x1f12f</run_address>
         <size>0x101</size>
         <input_file_ref idref="fl-f3"/>
      </object_component>
      <object_component id="oc-2be">
         <name>.debug_info</name>
         <load_address>0x1f230</load_address>
         <run_address>0x1f230</run_address>
         <size>0x14c</size>
         <input_file_ref idref="fl-f3"/>
      </object_component>
      <object_component id="oc-233">
         <name>.debug_info</name>
         <load_address>0x1f37c</load_address>
         <run_address>0x1f37c</run_address>
         <size>0x885</size>
         <input_file_ref idref="fl-f3"/>
      </object_component>
      <object_component id="oc-145">
         <name>.debug_info</name>
         <load_address>0x1fc01</load_address>
         <run_address>0x1fc01</run_address>
         <size>0x62</size>
         <input_file_ref idref="fl-f3"/>
      </object_component>
      <object_component id="oc-bf">
         <name>.debug_info</name>
         <load_address>0x1fc63</load_address>
         <run_address>0x1fc63</run_address>
         <size>0x145</size>
         <input_file_ref idref="fl-f5"/>
      </object_component>
      <object_component id="oc-322">
         <name>.debug_info</name>
         <load_address>0x1fda8</load_address>
         <run_address>0x1fda8</run_address>
         <size>0x28a</size>
         <input_file_ref idref="fl-f6"/>
      </object_component>
      <object_component id="oc-2e8">
         <name>.debug_info</name>
         <load_address>0x20032</load_address>
         <run_address>0x20032</run_address>
         <size>0x231</size>
         <input_file_ref idref="fl-f6"/>
      </object_component>
      <object_component id="oc-30f">
         <name>.debug_info</name>
         <load_address>0x20263</load_address>
         <run_address>0x20263</run_address>
         <size>0x284</size>
         <input_file_ref idref="fl-f7"/>
      </object_component>
      <object_component id="oc-2d0">
         <name>.debug_info</name>
         <load_address>0x204e7</load_address>
         <run_address>0x204e7</run_address>
         <size>0x22a</size>
         <input_file_ref idref="fl-f7"/>
      </object_component>
      <object_component id="oc-314">
         <name>.debug_info</name>
         <load_address>0x20711</load_address>
         <run_address>0x20711</run_address>
         <size>0x2b0</size>
         <input_file_ref idref="fl-f8"/>
      </object_component>
      <object_component id="oc-311">
         <name>.debug_info</name>
         <load_address>0x209c1</load_address>
         <run_address>0x209c1</run_address>
         <size>0xfd</size>
         <input_file_ref idref="fl-f8"/>
      </object_component>
      <object_component id="oc-2d6">
         <name>.debug_info</name>
         <load_address>0x20abe</load_address>
         <run_address>0x20abe</run_address>
         <size>0x281</size>
         <input_file_ref idref="fl-f8"/>
      </object_component>
      <object_component id="oc-305">
         <name>.debug_info</name>
         <load_address>0x20d3f</load_address>
         <run_address>0x20d3f</run_address>
         <size>0x3c6</size>
         <input_file_ref idref="fl-f9"/>
      </object_component>
      <object_component id="oc-2ad">
         <name>.debug_info</name>
         <load_address>0x21105</load_address>
         <run_address>0x21105</run_address>
         <size>0x19a</size>
         <input_file_ref idref="fl-f9"/>
      </object_component>
      <object_component id="oc-303">
         <name>.debug_info</name>
         <load_address>0x2129f</load_address>
         <run_address>0x2129f</run_address>
         <size>0x3c4</size>
         <input_file_ref idref="fl-fa"/>
      </object_component>
[...]
      </symbol>
      <symbol id="sm-47c">
         <name>SystemInit</name>
         <value>0x1c1d</value>
         <object_component_ref idref="oc-d0"/>
      </symbol>
      <symbol id="sm-47d">
         <name>SystemCoreClockUpdate</name>
         <value>0x19a9</value>
         <object_component_ref idref="oc-d0"/>
      </symbol>
      <symbol id="sm-47e">
         <name>SystemCoreClock</name>
         <value>0x20003b54</value>
         <object_component_ref idref="oc-170"/>
      </symbol>
      <symbol id="sm-4a3">
         <name>add_device</name>
         <value>0x3365</value>
         <object_component_ref idref="oc-1b3"/>
      </symbol>
      <symbol id="sm-4b4">
         <name>_c_int00</name>
         <value>0x3a61</value>
         <object_component_ref idref="oc-26"/>
      </symbol>
      <symbol id="sm-4b5">
         <name>__stack</name>
         <value>0x2000fe00</value>
         <object_component_ref idref="oc-2f"/>
      </symbol>
      <symbol id="sm-4d3">
         <name>__TI_decompress_lzss</name>
         <value>0x3755</value>
         <object_component_ref idref="oc-14"/>
      </symbol>
      <symbol id="sm-4ea">
         <name>__TI_decompress_none</name>
         <value>0x3d81</value>
         <object_component_ref idref="oc-1a"/>
      </symbol>
      <symbol id="sm-4fc">
         <name>__TI_zero_init</name>
         <value>0x3d9d</value>
         <object_component_ref idref="oc-20"/>
      </symbol>
      <symbol id="sm-516">
         <name>__TI_tmpnams</name>
         <value>0x20003320</value>
      </symbol>
      <symbol id="sm-517">
         <name>__aeabi_stdout</name>
         <value>0x20003b14</value>
         <object_component_ref idref="oc-22c"/>
      </symbol>
      <symbol id="sm-518">
         <name>__aeabi_stderr</name>
         <value>0x20003b18</value>
         <object_component_ref idref="oc-22c"/>
      </symbol>
      <symbol id="sm-519">
         <name>__aeabi_stdin</name>
         <value>0x20003b10</value>
         <object_component_ref idref="oc-22c"/>
      </symbol>
      <symbol id="sm-51a">
         <name>_ftable</name>
         <value>0x20003928</value>
         <object_component_ref idref="oc-1c5"/>
      </symbol>
      <symbol id="sm-51b">
         <name>__TI_ft_end</name>
         <value>0x20003b0c</value>
         <object_component_ref idref="oc-22c"/>
      </symbol>
      <symbol id="sm-53c">
         <name>C$$EXIT</name>
         <value>0x3ab5</value>
         <object_component_ref idref="oc-6e"/>
      </symbol>
      <symbol id="sm-53d">
         <name>abort</name>
         <value>0x3ab9</value>
         <object_component_ref idref="oc-6e"/>
      </symbol>
      <symbol id="sm-53e">
         <name>exit</name>
         <value>0x3ac1</value>
         <object_component_ref idref="oc-6e"/>
      </symbol>
      <symbol id="sm-53f">
         <name>__TI_dtors_ptr</name>
         <value>0x20003b20</value>
         <object_component_ref idref="oc-c5"/>
      </symbol>
      <symbol id="sm-540">
         <name>__TI_cleanup_ptr</name>
         <value>0x20003b1c</value>
         <object_component_ref idref="oc-c5"/>
      </symbol>
      <symbol id="sm-541">
         <name>__TI_enable_exit_profile_output</name>
         <value>0x20003b24</value>
         <object_component_ref idref="oc-c5"/>
      </symbol>
      <symbol id="sm-558">
         <name>__aeabi_dsub</name>
         <value>0x2699</value>
         <object_component_ref idref="oc-1d8"/>
      </symbol>
      <symbol id="sm-559">
         <name>__aeabi_dadd</name>
         <value>0x26a3</value>
         <object_component_ref idref="oc-1d8"/>
      </symbol>
      <symbol id="sm-56d">
         <name>__aeabi_ddiv</name>
         <value>0x2b65</value>
         <object_component_ref idref="oc-1d3"/>
      </symbol>
      <symbol id="sm-577">
         <name>__aeabi_d2uiz</name>
         <value>0x3b55</value>
         <object_component_ref idref="oc-1dd"/>
      </symbol>
      <symbol id="sm-5ae">
         <name>__TI_cleanup</name>
         <value>0x259d</value>
         <object_component_ref idref="oc-1b9"/>
      </symbol>
      <symbol id="sm-5af">
         <name>freopen</name>
         <value>0x25c9</value>
         <object_component_ref idref="oc-1b9"/>
      </symbol>
      <symbol id="sm-5b0">
         <name>fopen</name>
         <value>0x25f3</value>
         <object_component_ref idref="oc-1b9"/>
      </symbol>
      <symbol id="sm-5c5">
         <name>finddevice</name>
         <value>0x36e5</value>
         <object_component_ref idref="oc-20e"/>
      </symbol>
      <symbol id="sm-5c6">
         <name>getdevice</name>
         <value>0x370f</value>
         <object_component_ref idref="oc-20e"/>
      </symbol>
      <symbol id="sm-5d0">
         <name>__aeabi_i2d</name>
         <value>0x3c57</value>
         <object_component_ref idref="oc-1ce"/>
      </symbol>
      <symbol id="sm-5eb">
         <name>memcpy</name>
         <value>0x34c5</value>
         <object_component_ref idref="oc-3e"/>
      </symbol>
      <symbol id="sm-5ec">
         <name>__aeabi_memcpy</name>
         <value>0x34c5</value>
         <object_component_ref idref="oc-3e"/>
      </symbol>
      <symbol id="sm-5ed">
         <name>__aeabi_memcpy8</name>
         <value>0x34c5</value>
         <object_component_ref idref="oc-3e"/>
      </symbol>
      <symbol id="sm-5ee">
         <name>__aeabi_memcpy4</name>
         <value>0x34c5</value>
         <object_component_ref idref="oc-3e"/>
      </symbol>
      <symbol id="sm-5fd">
         <name>__aeabi_memset</name>
         <value>0x35fb</value>
         <object_component_ref idref="oc-4a"/>
      </symbol>
      <symbol id="sm-5fe">
         <name>memset</name>
         <value>0x3601</value>
         <object_component_ref idref="oc-4a"/>
      </symbol>
      <symbol id="sm-5ff">
         <name>__aeabi_memset8</name>
         <value>0x35fb</value>
         <object_component_ref idref="oc-4a"/>
      </symbol>
      <symbol id="sm-600">
         <name>__aeabi_memset4</name>
         <value>0x35fb</value>
         <object_component_ref idref="oc-4a"/>
      </symbol>
      <symbol id="sm-601">
         <name>__aeabi_memclr8</name>
         <value>0x35f9</value>
         <object_component_ref idref="oc-4a"/>
      </symbol>
      <symbol id="sm-602">
         <name>__aeabi_memclr4</name>
         <value>0x35f9</value>
         <object_component_ref idref="oc-4a"/>
      </symbol>
      <symbol id="sm-603">
         <name>__aeabi_memclr</name>
         <value>0x35f9</value>
         <object_component_ref idref="oc-4a"/>
      </symbol>
      <symbol id="sm-60d">
         <name>__mpu_init</name>
         <value>0x15d7</value>
         <object_component_ref idref="oc-56"/>
      </symbol>
      <symbol id="sm-62f">
         <name>open</name>
         <value>0x32a9</value>
         <object_component_ref idref="oc-220"/>
      </symbol>
      <symbol id="sm-639">
         <name>_system_pre_init</name>
         <value>0x3da9</value>
         <object_component_ref idref="oc-5c"/>
      </symbol>
      <symbol id="sm-65a">
         <name>setvbuf</name>
         <value>0x2f81</value>
         <object_component_ref idref="oc-1bf"/>
      </symbol>
      <symbol id="sm-662">
         <name>main_func_sp</name>
         <value>0x20003b50</value>
         <object_component_ref idref="oc-74"/>
      </symbol>
      <symbol id="sm-672">
         <name>strchr</name>
         <value>0x3d2d</value>
         <object_component_ref idref="oc-256"/>
      </symbol>
      <symbol id="sm-681">
         <name>strcmp</name>
         <value>0x3d15</value>
         <object_component_ref idref="oc-250"/>
      </symbol>
      <symbol id="sm-691">
         <name>strncpy</name>
         <value>0x3c21</value>
         <object_component_ref idref="oc-214"/>
      </symbol>
      <symbol id="sm-6ad">
         <name>_stream</name>
         <value>0x20003a90</value>
         <object_component_ref idref="oc-29a"/>
      </symbol>
      <symbol id="sm-6ae">
         <name>_device</name>
         <value>0x20003a18</value>
         <object_component_ref idref="oc-21b"/>
      </symbol>
      <symbol id="sm-6af">
         <name>write</name>
         <value>0x3cb1</value>
         <object_component_ref idref="oc-2fa"/>
      </symbol>
      <symbol id="sm-6c8">
         <name>_nop</name>
         <value>0x3d53</value>
         <object_component_ref idref="oc-164"/>
      </symbol>
      <symbol id="sm-6c9">
         <name>_lock</name>
         <value>0x20003b34</value>
         <object_component_ref idref="oc-c8"/>
      </symbol>
      <symbol id="sm-6ca">
         <name>_unlock</name>
         <value>0x20003b38</value>
         <object_component_ref idref="oc-c8"/>
      </symbol>
      <symbol id="sm-6cb">
         <name>_register_lock</name>
         <value>0x3d4b</value>
         <object_component_ref idref="oc-164"/>
      </symbol>
      <symbol id="sm-6cc">
         <name>_register_unlock</name>
         <value>0x3d45</value>
         <object_component_ref idref="oc-164"/>
      </symbol>
      <symbol id="sm-6e0">
         <name>_args_main</name>
         <value>0x3cfd</value>
         <object_component_ref idref="oc-68"/>
      </symbol>
      <symbol id="sm-70a">
         <name>__TI_auto_init</name>
         <value>0x3675</value>
         <object_component_ref idref="oc-62"/>
      </symbol>
      <symbol id="sm-724">
         <name>copy_in</name>
         <value>0x3b09</value>
         <object_component_ref idref="oc-b5"/>
      </symbol>
      <symbol id="sm-73a">
         <name>__TI_closefile</name>
         <value>0x3561</value>
         <object_component_ref idref="oc-226"/>
      </symbol>
      <symbol id="sm-73b">
         <name>fclose</name>
         <value>0x35c7</value>
         <object_component_ref idref="oc-226"/>
      </symbol>
      <symbol id="sm-755">
         <name>__TI_doflush</name>
         <value>0x305d</value>
         <object_component_ref idref="oc-29f"/>
      </symbol>
      <symbol id="sm-756">
         <name>fflush</name>
         <value>0x30a9</value>
         <object_component_ref idref="oc-29f"/>
      </symbol>
      <symbol id="sm-767">
         <name>HOSTclose</name>
         <value>0x3b99</value>
         <object_component_ref idref="oc-266"/>
      </symbol>
      <symbol id="sm-778">
         <name>HOSTlseek</name>
         <value>0x37bd</value>
         <object_component_ref idref="oc-278"/>
      </symbol>
      <symbol id="sm-78a">
         <name>parmbuf</name>
         <value>0x200034d4</value>
      </symbol>
      <symbol id="sm-78b">
         <name>HOSTopen</name>
         <value>0x38f5</value>
         <object_component_ref idref="oc-260"/>
      </symbol>
      <symbol id="sm-79c">
         <name>HOSTread</name>
         <value>0x39b1</value>
         <object_component_ref idref="oc-26c"/>
      </symbol>
      <symbol id="sm-7ad">
         <name>HOSTrename</name>
         <value>0x3825</value>
         <object_component_ref idref="oc-284"/>
      </symbol>
      <symbol id="sm-7be">
         <name>HOSTunlink</name>
         <value>0x3bdd</value>
         <object_component_ref idref="oc-27e"/>
      </symbol>
      <symbol id="sm-7cf">
         <name>HOSTwrite</name>
         <value>0x3a09</value>
         <object_component_ref idref="oc-272"/>
      </symbol>
      <symbol id="sm-841">
         <name>_sys_memory</name>
         <value>0x20003528</value>
         <object_component_ref idref="oc-30"/>
      </symbol>
      <symbol id="sm-842">
         <name>free</name>
         <value>0x16c3</value>
         <object_component_ref idref="oc-232"/>
      </symbol>
      <symbol id="sm-843">
         <name>realloc</name>
         <value>0x1783</value>
         <object_component_ref idref="oc-232"/>
      </symbol>
      <symbol id="sm-844">
         <name>memalign</name>
         <value>0x188d</value>
         <object_component_ref idref="oc-232"/>
      </symbol>
      <symbol id="sm-845">
         <name>calloc</name>
         <value>0x1979</value>
         <object_component_ref idref="oc-232"/>
      </symbol>
      <symbol id="sm-846">
         <name>malloc</name>
         <value>0x1659</value>
         <object_component_ref idref="oc-232"/>
      </symbol>
      <symbol id="sm-847">
         <name>minit</name>
         <value>0x15d9</value>
         <object_component_ref idref="oc-232"/>
      </symbol>
      <symbol id="sm-852">
         <name>_system_post_cinit</name>
         <value>0x284f</value>
         <object_component_ref idref="oc-bb"/>
      </symbol>
      <symbol id="sm-860">
         <name>strcpy</name>
         <value>0x3d59</value>
         <object_component_ref idref="oc-2e7"/>
      </symbol>
      <symbol id="sm-86e">
         <name>strlen</name>
         <value>0x3d6d</value>
         <object_component_ref idref="oc-2cd"/>
      </symbol>
      <symbol id="sm-889">
         <name>__TI_readmsg</name>
         <value>0x38bf</value>
         <object_component_ref idref="oc-2d3"/>
      </symbol>
      <symbol id="sm-88a">
         <name>C$$IO$$</name>
         <value>0x38bb</value>
         <object_component_ref idref="oc-2d3"/>
      </symbol>
      <symbol id="sm-88b">
         <name>__CIOBUF_</name>
         <value>0x20003200</value>
         <object_component_ref idref="oc-310"/>
      </symbol>
      <symbol id="sm-88c">
         <name>__TI_writemsg</name>
         <value>0x388d</value>
         <object_component_ref idref="oc-2d3"/>
      </symbol>
      <symbol id="sm-89c">
         <name>unlink</name>
         <value>0x3c85</value>
         <object_component_ref idref="oc-2ab"/>
      </symbol>
      <symbol id="sm-8b0">
         <name>close</name>
         <value>0x3955</value>
         <object_component_ref idref="oc-2a5"/>
      </symbol>
      <symbol id="sm-8b1">
         <name>__TI_static_base__</name>
         <value>0x0</value>
      </symbol>
      <symbol id="sm-8b4">
         <name>SHT$$INIT_ARRAY$$Limit</name>
         <value>0x0</value>
      </symbol>
      <symbol id="sm-8b5">
         <name>SHT$$INIT_ARRAY$$Base</name>
         <value>0x0</value>
      </symbol>
      <symbol id="sm-8b6">
         <name>NMI_Handler</name>
         <value>0x3d9b</value>
      </symbol>
      <symbol id="sm-8b7">
         <name>HardFault_Handler</name>
         <value>0x3d9b</value>
      </symbol>
      <symbol id="sm-8b8">
         <name>MemManage_Handler</name>
         <value>0x3d9b</value>
      </symbol>
      <symbol id="sm-8b9">
         <name>BusFault_Handler</name>
         <value>0x3d9b</value>
      </symbol>
      <symbol id="sm-8ba">
         <name>UsageFault_Handler</name>
         <value>0x3d9b</value>
      </symbol>
      <symbol id="sm-8bb">
         <name>SVC_Handler</name>
         <value>0x3d9b</value>
      </symbol>
      <symbol id="sm-8bc">
         <name>DebugMon_Handler</name>
         <value>0x3d9b</value>
      </symbol>
      <symbol id="sm-8bd">
         <name>PendSV_Handler</name>
         <value>0x3d9b</value>
      </symbol>
      <symbol id="sm-8be">
         <name>SysTick_Handler</name>
         <value>0x3d9b</value>
      </symbol>
      <symbol id="sm-8bf">
         <name>PSS_IRQHandler</name>
         <value>0x3d9b</value>
      </symbol>
      <symbol id="sm-8c0">
         <name>CS_IRQHandler</name>
         <value>0x3d9b</value>
      </symbol>
      <symbol id="sm-8c1">
         <name>PCM_IRQHandler</name>
         <value>0x3d9b</value>
      </symbol>
      <symbol id="sm-8c2">
         <name>WDT_A_IRQHandler</name>
         <value>0x3d9b</value>
      </symbol>
      <symbol id="sm-8c3">
         <name>FPU_IRQHandler</name>
         <value>0x3d9b</value>
      </symbol>
      <symbol id="sm-8c4">
         <name>FLCTL_IRQHandler</name>
         <value>0x3d9b</value>
      </symbol>
      <symbol id="sm-8c5">
         <name>COMP_E0_IRQHandler</name>
         <value>0x3d9b</value>
      </symbol>
      <symbol id="sm-8c6">
         <name>COMP_E1_IRQHandler</name>
         <value>0x3d9b</value>
      </symbol>
      <symbol id="sm-8c7">
         <name>TA0_0_IRQHandler</name>
         <value>0x3d9b</value>
      </symbol>
      <symbol id="sm-8c8">
         <name>TA0_N_IRQHandler</name>
         <value>0x3d9b</value>
      </symbol>
      <symbol id="sm-8c9">
         <name>TA1_0_IRQHandler</name>
         <value>0x348f</value>
      </symbol>
      <symbol id="sm-8ca">
         <name>TA1_N_IRQHandler</name>
         <value>0x3d9b</value>
      </symbol>
      <symbol id="sm-8cb">
         <name>TA2_0_IRQHandler</name>
         <value>0x3d9b</value>
      </symbol>
      <symbol id="sm-8cc">
         <name>TA2_N_IRQHandler</name>
         <value>0x3d9b</value>
      </symbol>
      <symbol id="sm-8cd">
         <name>TA3_0_IRQHandler</name>
         <value>0x2d2f</value>
      </symbol>
      <symbol id="sm-8ce">
         <name>TA3_N_IRQHandler</name>
         <value>0x2d49</value>
      </symbol>
      <symbol id="sm-8cf">
         <name>EUSCIA0_IRQHandler</name>
         <value>0x10af</value>
      </symbol>
      <symbol id="sm-8d0">
         <name>EUSCIA1_IRQHandler</name>
         <value>0x3d9b</value>
      </symbol>
      <symbol id="sm-8d1">
         <name>EUSCIA2_IRQHandler</name>
         <value>0x3d9b</value>
      </symbol>
      <symbol id="sm-8d2">
         <name>EUSCIA3_IRQHandler</name>
         <value>0x3d9b</value>
      </symbol>
      <symbol id="sm-8d3">
         <name>EUSCIB0_IRQHandler</name>
         <value>0x3d9b</value>
      </symbol>
      <symbol id="sm-8d4">
         <name>EUSCIB1_IRQHandler</name>
         <value>0x3d9b</value>
      </symbol>
      <symbol id="sm-8d5">
         <name>EUSCIB2_IRQHandler</name>
         <value>0x3d9b</value>
      </symbol>
      <symbol id="sm-8d6">
         <name>EUSCIB3_IRQHandler</name>
         <value>0x3d9b</value>
      </symbol>
      <symbol id="sm-8d7">
         <name>ADC14_IRQHandler</name>
         <value>0x3d9b</value>
      </symbol>
      <symbol id="sm-8d8">
         <name>T32_INT1_IRQHandler</name>
         <value>0x3d9b</value>
      </symbol>
      <symbol id="sm-8d9">
         <name>T32_INT2_IRQHandler</name>
         <value>0x3d9b</value>
      </symbol>
      <symbol id="sm-8da">
         <name>T32_INTC_IRQHandler</name>
         <value>0x3d9b</value>
      </symbol>
      <symbol id="sm-8db">
         <name>AES256_IRQHandler</name>
         <value>0x3d9b</value>
      </symbol>
      <symbol id="sm-8dc">
         <name>RTC_C_IRQHandler</name>
         <value>0x3d9b</value>
      </symbol>
      <symbol id="sm-8dd">
         <name>DMA_ERR_IRQHandler</name>
         <value>0x3d9b</value>
      </symbol>
      <symbol id="sm-8de">
         <name>DMA_INT3_IRQHandler</name>
         <value>0x3d9b</value>
      </symbol>
      <symbol id="sm-8df">
         <name>DMA_INT2_IRQHandler</name>
         <value>0x3d9b</value>
      </symbol>
      <symbol id="sm-8e0">
         <name>DMA_INT1_IRQHandler</name>
         <value>0x3d9b</value>
      </symbol>
      <symbol id="sm-8e1">
         <name>DMA_INT0_IRQHandler</name>
         <value>0x3d9b</value>
      </symbol>
      <symbol id="sm-8e2">
         <name>PORT1_IRQHandler</name>
         <value>0x3d9b</value>
      </symbol>
      <symbol id="sm-8e3">
         <name>PORT2_IRQHandler</name>
         <value>0x3d9b</value>
      </symbol>
      <symbol id="sm-8e4">
         <name>PORT3_IRQHandler</name>
         <value>0x3d9b</value>
      </symbol>
      <symbol id="sm-8e5">
         <name>PORT4_IRQHandler</name>
         <value>0x1c1</value>
      </symbol>
      <symbol id="sm-8e6">
         <name>PORT5_IRQHandler</name>
         <value>0x3d9b</value>
      </symbol>
      <symbol id="sm-8e7">
         <name>PORT6_IRQHandler</name>
         <value>0x3d9b</value>
      </symbol>
      <symbol id="sm-8e8">
         <name>remove</name>
         <value>0x3c85</value>
      </symbol>
   </symbol_table>
   <title>Link successful</title>
</link_info>
